Component: ARM Compiler 5.06 update 6 (build 750) Tool: armlink [4d35ed]

==============================================================================

Section Cross References

    startup_stm32f407xx.o(RESET) refers to startup_stm32f407xx.o(STACK) for __initial_sp
    startup_stm32f407xx.o(RESET) refers to startup_stm32f407xx.o(.text) for Reset_Handler
    startup_stm32f407xx.o(RESET) refers to stm32f4xx_it.o(i.NMI_Handler) for NMI_Handler
    startup_stm32f407xx.o(RESET) refers to stm32f4xx_it.o(i.HardFault_Handler) for HardFault_Handler
    startup_stm32f407xx.o(RESET) refers to stm32f4xx_it.o(i.MemManage_Handler) for MemManage_Handler
    startup_stm32f407xx.o(RESET) refers to stm32f4xx_it.o(i.BusFault_Handler) for BusFault_Handler
    startup_stm32f407xx.o(RESET) refers to stm32f4xx_it.o(i.UsageFault_Handler) for UsageFault_Handler
    startup_stm32f407xx.o(RESET) refers to port.o(.emb_text) for SVC_Handler
    startup_stm32f407xx.o(RESET) refers to stm32f4xx_it.o(i.DebugMon_Handler) for DebugMon_Handler
    startup_stm32f407xx.o(RESET) refers to port.o(i.SysTick_Handler) for SysTick_Handler
    startup_stm32f407xx.o(RESET) refers to stm32f4xx_it.o(i.DMA1_Stream5_IRQHandler) for DMA1_Stream5_IRQHandler
    startup_stm32f407xx.o(RESET) refers to stm32f4xx_it.o(i.CAN1_RX0_IRQHandler) for CAN1_RX0_IRQHandler
    startup_stm32f407xx.o(RESET) refers to stm32f4xx_it.o(i.TIM1_UP_TIM10_IRQHandler) for TIM1_UP_TIM10_IRQHandler
    startup_stm32f407xx.o(RESET) refers to stm32f4xx_it.o(i.USART1_IRQHandler) for USART1_IRQHandler
    startup_stm32f407xx.o(RESET) refers to remote_control.o(i.USART2_IRQHandler) for USART2_IRQHandler
    startup_stm32f407xx.o(RESET) refers to stm32f4xx_it.o(i.DMA2_Stream2_IRQHandler) for DMA2_Stream2_IRQHandler
    startup_stm32f407xx.o(RESET) refers to stm32f4xx_it.o(i.CAN2_RX0_IRQHandler) for CAN2_RX0_IRQHandler
    startup_stm32f407xx.o(.text) refers to system_stm32f4xx.o(i.SystemInit) for SystemInit
    startup_stm32f407xx.o(.text) refers to entry.o(.ARM.Collect$$$$00000000) for __main
    main.o(i.HAL_TIM_PeriodElapsedCallback) refers to stm32f4xx_hal.o(i.HAL_IncTick) for HAL_IncTick
    main.o(i.MX_DMA_Init) refers to stm32f4xx_hal_cortex.o(i.HAL_NVIC_SetPriority) for HAL_NVIC_SetPriority
    main.o(i.MX_DMA_Init) refers to stm32f4xx_hal_cortex.o(i.HAL_NVIC_EnableIRQ) for HAL_NVIC_EnableIRQ
    main.o(i.MX_TIM7_Init) refers to stm32f4xx_hal_tim.o(i.HAL_TIM_Base_Init) for HAL_TIM_Base_Init
    main.o(i.MX_TIM7_Init) refers to main.o(i.Error_Handler) for Error_Handler
    main.o(i.MX_TIM7_Init) refers to stm32f4xx_hal_tim_ex.o(i.HAL_TIMEx_MasterConfigSynchronization) for HAL_TIMEx_MasterConfigSynchronization
    main.o(i.MX_TIM7_Init) refers to main.o(.bss) for htim7
    main.o(i.MX_USART1_UART_Init) refers to stm32f4xx_hal_uart.o(i.HAL_UART_Init) for HAL_UART_Init
    main.o(i.MX_USART1_UART_Init) refers to main.o(i.Error_Handler) for Error_Handler
    main.o(i.MX_USART1_UART_Init) refers to main.o(.bss) for huart1
    main.o(i.SystemClock_Config) refers to memseta.o(.text) for __aeabi_memclr4
    main.o(i.SystemClock_Config) refers to stm32f4xx_hal_rcc.o(i.HAL_RCC_OscConfig) for HAL_RCC_OscConfig
    main.o(i.SystemClock_Config) refers to main.o(i.Error_Handler) for Error_Handler
    main.o(i.SystemClock_Config) refers to stm32f4xx_hal_rcc.o(i.HAL_RCC_ClockConfig) for HAL_RCC_ClockConfig
    main.o(i.delay_us) refers to stm32f4xx_hal_tim.o(i.HAL_TIM_Base_Start) for HAL_TIM_Base_Start
    main.o(i.delay_us) refers to stm32f4xx_hal_tim.o(i.HAL_TIM_Base_Stop) for HAL_TIM_Base_Stop
    main.o(i.delay_us) refers to main.o(.data) for differ
    main.o(i.delay_us) refers to main.o(.bss) for htim7
    main.o(i.main) refers to stm32f4xx_hal.o(i.HAL_Init) for HAL_Init
    main.o(i.main) refers to main.o(i.SystemClock_Config) for SystemClock_Config
    main.o(i.main) refers to main.o(i.MX_GPIO_Init) for MX_GPIO_Init
    main.o(i.main) refers to main.o(i.MX_DMA_Init) for MX_DMA_Init
    main.o(i.main) refers to can.o(i.MX_CAN1_Init) for MX_CAN1_Init
    main.o(i.main) refers to can.o(i.MX_CAN2_Init) for MX_CAN2_Init
    main.o(i.main) refers to main.o(i.MX_USART1_UART_Init) for MX_USART1_UART_Init
    main.o(i.main) refers to main.o(i.MX_TIM7_Init) for MX_TIM7_Init
    main.o(i.main) refers to hx711.o(i.Init_HX711pin) for Init_HX711pin
    main.o(i.main) refers to remote_control.o(i.remote_control_init) for remote_control_init
    main.o(i.main) refers to detect_task.o(i.DetectInit) for DetectInit
    main.o(i.main) refers to start_task.o(i.start_task) for start_task
    main.o(i.main) refers to cmsis_os2.o(i.osKernelInitialize) for osKernelInitialize
    main.o(i.main) refers to cmsis_os2.o(i.osKernelStart) for osKernelStart
    stm32f4xx_it.o(i.CAN1_RX0_IRQHandler) refers to stm32f4xx_hal_can.o(i.HAL_CAN_IRQHandler) for HAL_CAN_IRQHandler
    stm32f4xx_it.o(i.CAN1_RX0_IRQHandler) refers to can.o(.bss) for hcan1
[...]
    StartTask_Handler                        0x200003bc   Data           4  start_task.o(.data)
    DetectTask_Handler                       0x200003c0   Data           4  start_task.o(.data)
    .data                                    0x200003c4   Section        4  jump.o(.data)
    .data                                    0x200003c8   Section        8  remote_control.o(.data)
    temp                                     0x200003c8   Data           2  remote_control.o(.data)
    .data                                    0x200003d0   Section       21  hx711.o(.data)
    count                                    0x200003e0   Data           4  hx711.o(.data)
    i                                        0x200003e4   Data           1  hx711.o(.data)
    .data                                    0x200003e8   Section        4  errno.o(.data)
    _errno                                   0x200003e8   Data           4  errno.o(.data)
    .bss                                     0x200003ec   Section      224  main.o(.bss)
    .bss                                     0x200004cc   Section       64  stm32f4xx_hal_timebase_tim.o(.bss)
    .bss                                     0x2000050c   Section       64  queue.o(.bss)
    .bss                                     0x2000054c   Section     1220  tasks.o(.bss)
    pxReadyTasksLists                        0x2000054c   Data        1120  tasks.o(.bss)
    xDelayedTaskList1                        0x200009ac   Data          20  tasks.o(.bss)
    xDelayedTaskList2                        0x200009c0   Data          20  tasks.o(.bss)
    xPendingReadyList                        0x200009d4   Data          20  tasks.o(.bss)
    xTasksWaitingTermination                 0x200009e8   Data          20  tasks.o(.bss)
    xSuspendedTaskList                       0x200009fc   Data          20  tasks.o(.bss)
    .bss                                     0x20000a10   Section      280  timers.o(.bss)
    xActiveTimerList1                        0x20000a10   Data          20  timers.o(.bss)
    xActiveTimerList2                        0x20000a24   Data          20  timers.o(.bss)
    xStaticTimerQueue                        0x20000a38   Data          80  timers.o(.bss)
    ucStaticTimerQueueStorage                0x20000a88   Data         160  timers.o(.bss)
    .bss                                     0x20000b28   Section     1720  cmsis_os2.o(.bss)
    Idle_TCB                                 0x20000b28   Data          92  cmsis_os2.o(.bss)
    Idle_Stack                               0x20000b84   Data         512  cmsis_os2.o(.bss)
    Timer_TCB                                0x20000d84   Data          92  cmsis_os2.o(.bss)
    Timer_Stack                              0x20000de0   Data        1024  cmsis_os2.o(.bss)
    .bss                                     0x200011e0   Section    15360  heap_4.o(.bss)
    ucHeap                                   0x200011e0   Data       15360  heap_4.o(.bss)
    .bss                                     0x20004de0   Section      248  can_receive.o(.bss)
    Leg_motor                                0x20004e18   Data         192  can_receive.o(.bss)
    .bss                                     0x20004ed8   Section      119  detect_task.o(.bss)
    errorList                                0x20004ed8   Data         119  detect_task.o(.bss)
    .bss                                     0x20004f50   Section     1280  3508_drive.o(.bss)
    .bss                                     0x20005450   Section       80  position_control.o(.bss)
    All_MOTO_ANGLE                           0x20005480   Data          32  position_control.o(.bss)
    .bss                                     0x200054a0   Section       40  jump.o(.bss)
    .bss                                     0x200054c8   Section      150  remote_control.o(.bss)
    RC_CtrlData                              0x20005548   Data          22  remote_control.o(.bss)
    .bss                                     0x20005560   Section      264  can.o(.bss)
    .bss                                     0x20005668   Section      160  rc.o(.bss)
    STACK                                    0x20005708   Section     1024  startup_stm32f407xx.o(STACK)

    Global Symbols

    Symbol Name                              Value     Ov Type        Size  Object(Section)

    BuildAttributes$$THM_ISAv4$E$P$D$K$B$S$7EM$VFPi3$EXTD16$VFPS$VFMA$PE$A:L22UL41UL21$X:L11$S22US41US21$IEEE1$IW$USESV6$~STKCKD$USESV7$~SHL$OTIME$ROPI$IEEEX$EBA8$MICROLIB$REQ8$PRES8$EABIv2 0x00000000   Number         0  anon$$obj.o ABSOLUTE
    __ARM_use_no_argv                        0x00000000   Number         0  main.o ABSOLUTE
    __use_no_errno                           0x00000000   Number         0  useno.o ABSOLUTE
    __use_no_exception_handling              0x00000000   Number         0  useno.o ABSOLUTE
    __use_no_fp                              0x00000000   Number         0  useno.o ABSOLUTE
    __use_no_heap                            0x00000000   Number         0  useno.o ABSOLUTE
    __use_no_heap_region                     0x00000000   Number         0  useno.o ABSOLUTE
    __use_no_semihosting                     0x00000000   Number         0  useno.o ABSOLUTE
    __use_no_semihosting_swi                 0x00000000   Number         0  useno.o ABSOLUTE
    __use_no_signal_handling                 0x00000000   Number         0  useno.o ABSOLUTE
    __cpp_initialize__aeabi_                  - Undefined Weak Reference
    __cxa_finalize                            - Undefined Weak Reference
    _clock_init                               - Undefined Weak Reference
    _microlib_exit                            - Undefined Weak Reference
    __Vectors_Size                           0x00000188   Number         0  startup_stm32f407xx.o ABSOLUTE
    __Vectors                                0x08000000   Data           4  startup_stm32f407xx.o(RESET)
    __Vectors_End                            0x08000188   Data           0  startup_stm32f407xx.o(RESET)
    __main                                   0x08000189   Thumb Code     0  entry.o(.ARM.Collect$$$$00000000)
    _main_stk                                0x08000189   Thumb Code     0  entry2.o(.ARM.Collect$$$$00000001)
    _main_scatterload                        0x0800018d   Thumb Code     0  entry5.o(.ARM.Collect$$$$00000004)
    __main_after_scatterload                 0x08000191   Thumb Code     0  entry5.o(.ARM.Collect$$$$00000004)
    _main_clock                              0x08000191   Thumb Code     0  entry7b.o(.ARM.Collect$$$$00000008)
    _main_cpp_init                           0x08000191   Thumb Code     0  entry8b.o(.ARM.Collect$$$$0000000A)
    _main_init                               0x08000191   Thumb Code     0  entry9a.o(.ARM.Collect$$$$0000000B)
    __rt_final_cpp                           0x08000199   Thumb Code     0  entry10a.o(.ARM.Collect$$$$0000000D)
    __rt_final_exit                          0x08000199   Thumb Code     0  entry11a.o(.ARM.Collect$$$$0000000F)
    SVC_Handler                              0x0800019d   Thumb Code    28  port.o(.emb_text)
    __asm___6_port_c_39a90d8d__prvStartFirstTask 0x080001bd   Thumb Code    36  port.o(.emb_text)
    __asm___6_port_c_39a90d8d__prvEnableVFP  0x080001e5   Thumb Code    16  port.o(.emb_text)
    PendSV_Handler                           0x080001f9   Thumb Code    88  port.o(.emb_text)
    vPortGetIPSR                             0x08000255   Thumb Code     6  port.o(.emb_text)
    Reset_Handler                            0x0800025d   Thumb Code     8  startup_stm32f407xx.o(.text)
    ADC_IRQHandler                           0x08000277   Thumb Code     0  startup_stm32f407xx.o(.text)
    CAN1_RX1_IRQHandler                      0x08000277   Thumb Code     0  startup_stm32f407xx.o(.text)
    CAN1_SCE_IRQHandler                      0x08000277   Thumb Code     0  startup_stm32f407xx.o(.text)
    CAN1_TX_IRQHandler                       0x08000277   Thumb Code     0  startup_stm32f407xx.o(.text)
    CAN2_RX1_IRQHandler                      0x08000277   Thumb Code     0  startup_stm32f407xx.o(.text)
    CAN2_SCE_IRQHandler                      0x08000277   Thumb Code     0  startup_stm32f407xx.o(.text)
    CAN2_TX_IRQHandler                       0x08000277   Thumb Code     0  startup_stm32f407xx.o(.text)
    DCMI_IRQHandler                          0x08000277   Thumb Code     0  startup_stm32f407xx.o(.text)
    DMA1_Stream0_IRQHandler                  0x08000277   Thumb Code     0  startup_stm32f407xx.o(.text)
    DMA1_Stream1_IRQHandler                  0x08000277   Thumb Code     0  startup_stm32f407xx.o(.text)
    DMA1_Stream2_IRQHandler                  0x08000277   Thumb Code     0  startup_stm32f407xx.o(.text)
    DMA1_Stream3_IRQHandler                  0x08000277   Thumb Code     0  startup_stm32f407xx.o(.text)
    DMA1_Stream4_IRQHandler                  0x08000277   Thumb Code     0  startup_stm32f407xx.o(.text)
    DMA1_Stream6_IRQHandler                  0x08000277   Thumb Code     0  startup_stm32f407xx.o(.text)
    DMA1_Stream7_IRQHandler                  0x08000277   Thumb Code     0  startup_stm32f407xx.o(.text)
    DMA2_Stream0_IRQHandler                  0x08000277   Thumb Code     0  startup_stm32f407xx.o(.text)
    DMA2_Stream1_IRQHandler                  0x08000277   Thumb Code     0  startup_stm32f407xx.o(.text)
    DMA2_Stream3_IRQHandler                  0x08000277   Thumb Code     0  startup_stm32f407xx.o(.text)
    DMA2_Stream4_IRQHandler                  0x08000277   Thumb Code     0  startup_stm32f407xx.o(.text)
    DMA2_Stream5_IRQHandler                  0x08000277   Thumb Code     0  startup_stm32f407xx.o(.text)
    DMA2_Stream6_IRQHandler                  0x08000277   Thumb Code     0  startup_stm32f407xx.o(.text)
    DMA2_Stream7_IRQHandler                  0x08000277   Thumb Code     0  startup_stm32f407xx.o(.text)
    ETH_IRQHandler                           0x08000277   Thumb Code     0  startup_stm32f407xx.o(.text)
    ETH_WKUP_IRQHandler                      0x08000277   Thumb Code     0  startup_stm32f407xx.o(.text)
    EXTI0_IRQHandler                         0x08000277   Thumb Code     0  startup_stm32f407xx.o(.text)
    EXTI15_10_IRQHandler                     0x08000277   Thumb Code     0  startup_stm32f407xx.o(.text)
    EXTI1_IRQHandler                         0x08000277   Thumb Code     0  startup_stm32f407xx.o(.text)
    EXTI2_IRQHandler                         0x08000277   Thumb Code     0  startup_stm32f407xx.o(.text)
    EXTI3_IRQHandler                         0x08000277   Thumb Code     0  startup_stm32f407xx.o(.text)
    EXTI4_IRQHandler                         0x08000277   Thumb Code     0  startup_stm32f407xx.o(.text)
    EXTI9_5_IRQHandler                       0x08000277   Thumb Code     0  startup_stm32f407xx.o(.text)
    FLASH_IRQHandler                         0x08000277   Thumb Code     0  startup_stm32f407xx.o(.text)
    FMC_IRQHandler                           0x08000277   Thumb Code     0  startup_stm32f407xx.o(.text)
    FPU_IRQHandler                           0x08000277   Thumb Code     0  startup_stm32f407xx.o(.text)
    HASH_RNG_IRQHandler                      0x08000277   Thumb Code     0  startup_stm32f407xx.o(.text)
    I2C1_ER_IRQHandler                       0x08000277   Thumb Code     0  startup_stm32f407xx.o(.text)
    I2C1_EV_IRQHandler                       0x08000277   Thumb Code     0  startup_stm32f407xx.o(.text)
    I2C2_ER_IRQHandler                       0x08000277   Thumb Code     0  startup_stm32f407xx.o(.text)
    I2C2_EV_IRQHandler                       0x08000277   Thumb Code     0  startup_stm32f407xx.o(.text)
    I2C3_ER_IRQHandler                       0x08000277   Thumb Code     0  startup_stm32f407xx.o(.text)
    I2C3_EV_IRQHandler                       0x08000277   Thumb Code     0  startup_stm32f407xx.o(.text)
    OTG_FS_IRQHandler                        0x08000277   Thumb Code     0  startup_stm32f407xx.o(.text)
    OTG_FS_WKUP_IRQHandler                   0x08000277   Thumb Code     0  startup_stm32f407xx.o(.text)
    OTG_HS_EP1_IN_IRQHandler                 0x08000277   Thumb Code     0  startup_stm32f407xx.o(.text)
    OTG_HS_EP1_OUT_IRQHandler                0x08000277   Thumb Code     0  startup_stm32f407xx.o(.text)
    OTG_HS_IRQHandler                        0x08000277   Thumb Code     0  startup_stm32f407xx.o(.text)
    OTG_HS_WKUP_IRQHandler                   0x08000277   Thumb Code     0  startup_stm32f407xx.o(.text)
    PVD_IRQHandler                           0x08000277   Thumb Code     0  startup_stm32f407xx.o(.text)
    RCC_IRQHandler                           0x08000277   Thumb Code     0  startup_stm32f407xx.o(.text)
    RTC_Alarm_IRQHandler                     0x08000277   Thumb Code     0  startup_stm32f407xx.o(.text)
    RTC_WKUP_IRQHandler                      0x08000277   Thumb Code     0  startup_stm32f407xx.o(.text)
    SDIO_IRQHandler                          0x08000277   Thumb Code     0  startup_stm32f407xx.o(.text)
    SPI1_IRQHandler                          0x08000277   Thumb Code     0  startup_stm32f407xx.o(.text)
    SPI2_IRQHandler                          0x08000277   Thumb Code     0  startup_stm32f407xx.o(.text)
    SPI3_IRQHandler                          0x08000277   Thumb Code     0  startup_stm32f407xx.o(.text)
    TAMP_STAMP_IRQHandler                    0x08000277   Thumb Code     0  startup_stm32f407xx.o(.text)
    TIM1_BRK_TIM9_IRQHandler                 0x08000277   Thumb Code     0  startup_stm32f407xx.o(.text)
    TIM1_CC_IRQHandler                       0x08000277   Thumb Code     0  startup_stm32f407xx.o(.text)
    TIM1_TRG_COM_TIM11_IRQHandler            0x08000277   Thumb Code     0  startup_stm32f407xx.o(.text)
    TIM2_IRQHandler                          0x08000277   Thumb Code     0  startup_stm32f407xx.o(.text)
    TIM3_IRQHandler                          0x08000277   Thumb Code     0  startup_stm32f407xx.o(.text)
    TIM4_IRQHandler                          0x08000277   Thumb Code     0  startup_stm32f407xx.o(.text)
    TIM5_IRQHandler                          0x08000277   Thumb Code     0  startup_stm32f407xx.o(.text)
    TIM6_DAC_IRQHandler                      0x08000277   Thumb Code     0  startup_stm32f407xx.o(.text)
    TIM7_IRQHandler                          0x08000277   Thumb Code     0  startup_stm32f407xx.o(.text)
    TIM8_BRK_TIM12_IRQHandler                0x08000277   Thumb Code     0  startup_stm32f407xx.o(.text)
    TIM8_CC_IRQHandler                       0x08000277   Thumb Code     0  startup_stm32f407xx.o(.text)
    TIM8_TRG_COM_TIM14_IRQHandler            0x08000277   Thumb Code     0  startup_stm32f407xx.o(.text)
    TIM8_UP_TIM13_IRQHandler                 0x08000277   Thumb Code     0  startup_stm32f407xx.o(.text)
    UART4_IRQHandler                         0x08000277   Thumb Code     0  startup_stm32f407xx.o(.text)
    UART5_IRQHandler                         0x08000277   Thumb Code     0  startup_stm32f407xx.o(.text)
    USART3_IRQHandler                        0x08000277   Thumb Code     0  startup_stm32f407xx.o(.text)
    USART6_IRQHandler                        0x08000277   Thumb Code     0  startup_stm32f407xx.o(.text)
    WWDG_IRQHandler                          0x08000277   Thumb Code     0  startup_stm32f407xx.o(.text)
    arm_sin_f32                              0x08000281   Thumb Code   104  arm_sin_f32.o(.text)
    __aeabi_uldivmod                         0x080002f5   Thumb Code    98  uldiv.o(.text)
    __aeabi_memcpy                           0x08000357   Thumb Code    36  memcpya.o(.text)
    __aeabi_memcpy4                          0x08000357   Thumb Code     0  memcpya.o(.text)
    __aeabi_memcpy8                          0x08000357   Thumb Code     0  memcpya.o(.text)
    __aeabi_memset                           0x0800037b   Thumb Code    14  memseta.o(.text)
    __aeabi_memset4                          0x0800037b   Thumb Code     0  memseta.o(.text)
    __aeabi_memset8                          0x0800037b   Thumb Code     0  memseta.o(.text)
    __aeabi_memclr                           0x08000389   Thumb Code     4  memseta.o(.text)
    __aeabi_memclr4                          0x08000389   Thumb Code     0  memseta.o(.text)
    __aeabi_memclr8                          0x08000389   Thumb Code     0  memseta.o(.text)
    memset                                   0x0800038d   Thumb Code    18  memseta.o(.text)
    __aeabi_dadd                             0x0800039f   Thumb Code   322  dadd.o(.text)
    __aeabi_dsub                             0x080004e1   Thumb Code     6  dadd.o(.text)
    __aeabi_drsub                            0x080004e7   Thumb Code     6  dadd.o(.text)
    __aeabi_dmul                             0x080004ed   Thumb Code   228  dmul.o(.text)
    __aeabi_ddiv                             0x080005d1   Thumb Code   222  ddiv.o(.text)
    __aeabi_f2d                              0x080006af   Thumb Code    38  f2d.o(.text)
    __aeabi_cdcmpeq                          0x080006d5   Thumb Code     0  cdcmple.o(.text)
    __aeabi_cdcmple                          0x080006d5   Thumb Code    48  cdcmple.o(.text)
    __aeabi_cdrcmple                         0x08000705   Thumb Code    48  cdrcmple.o(.text)
    __aeabi_d2f                              0x08000735   Thumb Code    56  d2f.o(.text)
    __aeabi_llsl                             0x0800076d   Thumb Code    30  llshl.o(.text)
    _ll_shift_l                              0x0800076d   Thumb Code     0  llshl.o(.text)
    __aeabi_llsr                             0x0800078b   Thumb Code    32  llushr.o(.text)
    _ll_ushift_r                             0x0800078b   Thumb Code     0  llushr.o(.text)
    __aeabi_lasr                             0x080007ab   Thumb Code    36  llsshr.o(.text)
    _ll_sshift_r                             0x080007ab   Thumb Code     0  llsshr.o(.text)
    __I$use$fp                               0x080007cf   Thumb Code     0  iusefp.o(.text)
    _float_round                             0x080007cf   Thumb Code    18  fepilogue.o(.text)
    _float_epilogue                          0x080007e1   Thumb Code    92  fepilogue.o(.text)
    _double_round                            0x0800083d   Thumb Code    30  depilogue.o(.text)
    _double_epilogue                         0x0800085b   Thumb Code   156  depilogue.o(.text)
    __ARM_scalbn                             0x080008f7   Thumb Code    46  dscalb.o(.text)
    scalbn                                   0x080008f7   Thumb Code     0  dscalb.o(.text)
    _dsqrt                                   0x08000925   Thumb Code   162  dsqrt.o(.text)
    _drem                                    0x080009c7   Thumb Code   134  drem.o(.text)
    __aeabi_i2d                              0x08000a4d   Thumb Code    34  dflti.o(.text)
    __scatterload                            0x08000a71   Thumb Code    28  init.o(.text)
    __scatterload_rt2                        0x08000a71   Thumb Code     0  init.o(.text)
    __aeabi_ui2d                             0x08000a95   Thumb Code    26  dfltui.o(.text)
    __aeabi_d2iz                             0x08000aaf   Thumb Code    62  dfixi.o(.text)
    __decompress                             0x08000aed   Thumb Code     0  __dczerorl2.o(.text)
    __decompress1                            0x08000aed   Thumb Code    86  __dczerorl2.o(.text)
    BusFault_Handler                         0x08000b43   Thumb Code     4  stm32f4xx_it.o(i.BusFault_Handler)
    CAN1_RX0_IRQHandler                      0x08000b49   Thumb Code    10  stm32f4xx_it.o(i.CAN1_RX0_IRQHandler)
    CAN2_RX0_IRQHandler                      0x08000b59   Thumb Code    10  stm32f4xx_it.o(i.CAN2_RX0_IRQHandler)
    CartesianToLegParams                     0x08000b69   Thumb Code   218  position_control.o(i.CartesianToLegParams)
    CartesianToThetaGamma                    0x08000c55   Thumb Code    62  position_control.o(i.CartesianToThetaGamma)
    CommandAllLegs                           0x08000c95   Thumb Code   306  position_control.o(i.CommandAllLegs)
    CoupledMoveLeg                           0x08000de1   Thumb Code    60  position_control.o(i.CoupledMoveLeg)
    DMA1_Stream5_IRQHandler                  0x08000e1d   Thumb Code    10  stm32f4xx_it.o(i.DMA1_Stream5_IRQHandler)
    DMA2_Stream2_IRQHandler                  0x08000e2d   Thumb Code    10  stm32f4xx_it.o(i.DMA2_Stream2_IRQHandler)
    DebugMon_Handler                         0x08000f47   Thumb Code     2  stm32f4xx_it.o(i.DebugMon_Handler)
    DetectHook                               0x08000f49   Thumb Code    20  detect_task.o(i.DetectHook)
    DetectInit                               0x08000f61   Thumb Code    32  detect_task.o(i.DetectInit)
    DetectTask                               0x08000f85   Thumb Code   208  detect_task.o(i.DetectTask)
    Detect_Judeg                             0x0800105d   Thumb Code    22  detect_task.o(i.Detect_Judeg)
    Error_Handler                            0x08001079   Thumb Code     2  main.o(i.Error_Handler)
    ExecuteJump                              0x0800107d   Thumb Code   490  jump.o(i.ExecuteJump)
    GetGamma                                 0x080012a1   Thumb Code   274  position_control.o(i.GetGamma)
    Get_Maopi                                0x080013d9   Thumb Code    12  hx711.o(i.Get_Maopi)
    Get_Remote_info                          0x080013e9   Thumb Code   220  remote_control.o(i.Get_Remote_info)
    HAL_CAN_ActivateNotification             0x080014c9   Thumb Code    42  stm32f4xx_hal_can.o(i.HAL_CAN_ActivateNotification)
    HAL_CAN_AddTxMessage                     0x080014f3   Thumb Code   342  stm32f4xx_hal_can.o(i.HAL_CAN_AddTxMessage)
    HAL_CAN_ConfigFilter                     0x08001649   Thumb Code   286  stm32f4xx_hal_can.o(i.HAL_CAN_ConfigFilter)
    HAL_CAN_ErrorCallback                    0x0800176d   Thumb Code     2  stm32f4xx_hal_can.o(i.HAL_CAN_ErrorCallback)
    HAL_CAN_GetRxMessage                     0x0800176f   Thumb Code   380  stm32f4xx_hal_can.o(i.HAL_CAN_GetRxMessage)
    HAL_CAN_IRQHandler                       0x080018eb   Thumb Code   590  stm32f4xx_hal_can.o(i.HAL_CAN_IRQHandler)
    HAL_CAN_Init                             0x08001b39   Thumb Code   372  stm32f4xx_hal_can.o(i.HAL_CAN_Init)
    HAL_CAN_MspInit                          0x08001cad   Thumb Code   330  stm32f4xx_hal_msp.o(i.HAL_CAN_MspInit)
    HAL_CAN_RxFifo0FullCallback              0x08001e11   Thumb Code     2  stm32f4xx_hal_can.o(i.HAL_CAN_RxFifo0FullCallback)
    HAL_CAN_RxFifo0MsgPendingCallback        0x08001e15   Thumb Code   602  can_receive.o(i.HAL_CAN_RxFifo0MsgPendingCallback)
    HAL_CAN_RxFifo1FullCallback              0x080020d5   Thumb Code     2  stm32f4xx_hal_can.o(i.HAL_CAN_RxFifo1FullCallback)
    HAL_CAN_RxFifo1MsgPendingCallback        0x080020d7   Thumb Code     2  stm32f4xx_hal_can.o(i.HAL_CAN_RxFifo1MsgPendingCallback)
    HAL_CAN_SleepCallback                    0x080020d9   Thumb Code     2  stm32f4xx_hal_can.o(i.HAL_CAN_SleepCallback)
    HAL_CAN_Start                            0x080020db   Thumb Code    94  stm32f4xx_hal_can.o(i.HAL_CAN_Start)
    HAL_CAN_TxMailbox0AbortCallback          0x08002139   Thumb Code     2  stm32f4xx_hal_can.o(i.HAL_CAN_TxMailbox0AbortCallback)
    HAL_CAN_TxMailbox0CompleteCallback       0x0800213b   Thumb Code     2  stm32f4xx_hal_can.o(i.HAL_CAN_TxMailbox0CompleteCallback)
    HAL_CAN_TxMailbox1AbortCallback          0x0800213d   Thumb Code     2  stm32f4xx_hal_can.o(i.HAL_CAN_TxMailbox1AbortCallback)
    HAL_CAN_TxMailbox1CompleteCallback       0x0800213f   Thumb Code     2  stm32f4xx_hal_can.o(i.HAL_CAN_TxMailbox1CompleteCallback)
    HAL_CAN_TxMailbox2AbortCallback          0x08002141   Thumb Code     2  stm32f4xx_hal_can.o(i.HAL_CAN_TxMailbox2AbortCallback)
    HAL_CAN_TxMailbox2CompleteCallback       0x08002143   Thumb Code     2  stm32f4xx_hal_can.o(i.HAL_CAN_TxMailbox2CompleteCallback)
    HAL_CAN_WakeUpFromRxMsgCallback          0x08002145   Thumb Code     2  stm32f4xx_hal_can.o(i.HAL_CAN_WakeUpFromRxMsgCallback)
    HAL_DMA_Abort_IT                         0x08002147   Thumb Code    40  stm32f4xx_hal_dma.o(i.HAL_DMA_Abort_IT)
    HAL_DMA_IRQHandler                       0x08002171   Thumb Code   570  stm32f4xx_hal_dma.o(i.HAL_DMA_IRQHandler)
    HAL_DMA_Init                             0x080023b1   Thumb Code   232  stm32f4xx_hal_dma.o(i.HAL_DMA_Init)
    HAL_DMA_Start_IT                         0x0800249d   Thumb Code   158  stm32f4xx_hal_dma.o(i.HAL_DMA_Start_IT)
    HAL_GPIO_Init                            0x0800253d   Thumb Code   466  stm32f4xx_hal_gpio.o(i.HAL_GPIO_Init)
    HAL_GPIO_ReadPin                         0x0800273d   Thumb Code    16  stm32f4xx_hal_gpio.o(i.HAL_GPIO_ReadPin)
    HAL_GPIO_WritePin                        0x0800274d   Thumb Code    12  stm32f4xx_hal_gpio.o(i.HAL_GPIO_WritePin)
    HAL_GetTick                              0x08002759   Thumb Code     6  stm32f4xx_hal.o(i.HAL_GetTick)
    HAL_IncTick                              0x08002765   Thumb Code    16  stm32f4xx_hal.o(i.HAL_IncTick)
    HAL_Init                                 0x0800277d   Thumb Code    54  stm32f4xx_hal.o(i.HAL_Init)
    HAL_InitTick                             0x080027b9   Thumb Code   122  stm32f4xx_hal_timebase_tim.o(i.HAL_InitTick)
    HAL_MspInit                              0x08002845   Thumb Code    78  stm32f4xx_hal_msp.o(i.HAL_MspInit)
    HAL_NVIC_EnableIRQ                       0x08002899   Thumb Code    32  stm32f4xx_hal_cortex.o(i.HAL_NVIC_EnableIRQ)
    HAL_NVIC_SetPriority                     0x080028b9   Thumb Code   124  stm32f4xx_hal_cortex.o(i.HAL_NVIC_SetPriority)
    HAL_NVIC_SetPriorityGrouping             0x08002935   Thumb Code    32  stm32f4xx_hal_cortex.o(i.HAL_NVIC_SetPriorityGrouping)
    HAL_RCC_ClockConfig                      0x0800295d   Thumb Code   366  stm32f4xx_hal_rcc.o(i.HAL_RCC_ClockConfig)
    HAL_RCC_GetClockConfig                   0x08002add   Thumb Code    58  stm32f4xx_hal_rcc.o(i.HAL_RCC_GetClockConfig)
    HAL_RCC_GetHCLKFreq                      0x08002b21   Thumb Code     6  stm32f4xx_hal_rcc.o(i.HAL_RCC_GetHCLKFreq)
    HAL_RCC_GetPCLK1Freq                     0x08002b2d   Thumb Code    22  stm32f4xx_hal_rcc.o(i.HAL_RCC_GetPCLK1Freq)
    HAL_RCC_GetPCLK2Freq                     0x08002b4d   Thumb Code    22  stm32f4xx_hal_rcc.o(i.HAL_RCC_GetPCLK2Freq)
    HAL_RCC_GetSysClockFreq                  0x08002b6d   Thumb Code   162  stm32f4xx_hal_rcc.o(i.HAL_RCC_GetSysClockFreq)
    HAL_RCC_OscConfig                        0x08002c1d   Thumb Code  1086  stm32f4xx_hal_rcc.o(i.HAL_RCC_OscConfig)
    HAL_TIMEx_BreakCallback                  0x08003065   Thumb Code     2  stm32f4xx_hal_tim_ex.o(i.HAL_TIMEx_BreakCallback)
    HAL_TIMEx_CommutCallback                 0x08003067   Thumb Code     2  stm32f4xx_hal_tim_ex.o(i.HAL_TIMEx_CommutCallback)
    HAL_TIMEx_MasterConfigSynchronization    0x08003069   Thumb Code    84  stm32f4xx_hal_tim_ex.o(i.HAL_TIMEx_MasterConfigSynchronization)
    HAL_TIM_Base_Init                        0x080030bd   Thumb Code    52  stm32f4xx_hal_tim.o(i.HAL_TIM_Base_Init)
    HAL_TIM_Base_MspInit                     0x080030f1   Thumb Code    44  stm32f4xx_hal_msp.o(i.HAL_TIM_Base_MspInit)
    HAL_TIM_Base_Start                       0x08003125   Thumb Code    42  stm32f4xx_hal_tim.o(i.HAL_TIM_Base_Start)
    HAL_TIM_Base_Start_IT                    0x0800314f   Thumb Code    42  stm32f4xx_hal_tim.o(i.HAL_TIM_Base_Start_IT)
    HAL_TIM_Base_Stop                        0x08003179   Thumb Code    56  stm32f4xx_hal_tim.o(i.HAL_TIM_Base_Stop)
    HAL_TIM_IC_CaptureCallback               0x080031b1   Thumb Code     2  stm32f4xx_hal_tim.o(i.HAL_TIM_IC_CaptureCallback)
    HAL_TIM_IRQHandler                       0x080031b3   Thumb Code   406  stm32f4xx_hal_tim.o(i.HAL_TIM_IRQHandler)
    HAL_TIM_OC_DelayElapsedCallback          0x08003349   Thumb Code     2  stm32f4xx_hal_tim.o(i.HAL_TIM_OC_DelayElapsedCallback)
    HAL_TIM_PWM_PulseFinishedCallback        0x0800334b   Thumb Code     2  stm32f4xx_hal_tim.o(i.HAL_TIM_PWM_PulseFinishedCallback)
    HAL_TIM_PeriodElapsedCallback            0x0800334d   Thumb Code    18  main.o(i.HAL_TIM_PeriodElapsedCallback)
    HAL_TIM_TriggerCallback                  0x08003365   Thumb Code     2  stm32f4xx_hal_tim.o(i.HAL_TIM_TriggerCallback)
    HAL_UART_ErrorCallback                   0x08003367   Thumb Code     2  stm32f4xx_hal_uart.o(i.HAL_UART_ErrorCallback)
    HAL_UART_IRQHandler                      0x08003369   Thumb Code   328  stm32f4xx_hal_uart.o(i.HAL_UART_IRQHandler)
    HAL_UART_Init                            0x080034b5   Thumb Code   114  stm32f4xx_hal_uart.o(i.HAL_UART_Init)
    HAL_UART_MspInit                         0x08003529   Thumb Code   394  stm32f4xx_hal_msp.o(i.HAL_UART_MspInit)
    HAL_UART_Receive_DMA                     0x080036d9   Thumb Code   182  stm32f4xx_hal_uart.o(i.HAL_UART_Receive_DMA)
    HAL_UART_RxCpltCallback                  0x0800379d   Thumb Code     2  stm32f4xx_hal_uart.o(i.HAL_UART_RxCpltCallback)
    HAL_UART_RxHalfCpltCallback              0x0800379f   Thumb Code     2  stm32f4xx_hal_uart.o(i.HAL_UART_RxHalfCpltCallback)
    HAL_UART_TxCpltCallback                  0x080037a1   Thumb Code     2  stm32f4xx_hal_uart.o(i.HAL_UART_TxCpltCallback)
    HX711_Read                               0x080037a5   Thumb Code   168  hx711.o(i.HX711_Read)
    HardFault_Handler                        0x08003859   Thumb Code     4  stm32f4xx_it.o(i.HardFault_Handler)
    Init_HX711pin                            0x0800385d   Thumb Code    62  hx711.o(i.Init_HX711pin)
    IsValidGaitParams                        0x080038a1   Thumb Code   354  position_control.o(i.IsValidGaitParams)
    Leg_Control_Loop                         0x08003aa5   Thumb Code   262  3508_drive.o(i.Leg_Control_Loop)
    Leg_Moto_Data_Init                       0x08003bb9   Thumb Code    66  3508_drive.o(i.Leg_Moto_Data_Init)
    Leg_Moto_Data_Update                     0x08003c19   Thumb Code   116  3508_drive.o(i.Leg_Moto_Data_Update)
    MX_CAN1_Init                             0x08003c9d   Thumb Code   106  can.o(i.MX_CAN1_Init)
    MX_CAN2_Init                             0x08003d15   Thumb Code   106  can.o(i.MX_CAN2_Init)
    MemManage_Handler                        0x08003f35   Thumb Code     4  stm32f4xx_it.o(i.MemManage_Handler)
    NMI_Handler                              0x08003f39   Thumb Code     2  stm32f4xx_it.o(i.NMI_Handler)
    PID_Calc                                 0x08003f3d   Thumb Code   492  pid.o(i.PID_Calc)
    PID_Chang_Params                         0x0800412d   Thumb Code    34  pid.o(i.PID_Chang_Params)
    PID_Init                                 0x08004151   Thumb Code    92  pid.o(i.PID_Init)
    PositionControlThread                    0x080041b1   Thumb Code   874  position_control.o(i.PositionControlThread)
    RC_Init                                  0x08004589   Thumb Code    78  rc.o(i.RC_Init)
    Send_3508_Id1_Id4                        0x080045e5   Thumb Code    92  can_receive.o(i.Send_3508_Id1_Id4)
    Send_3508_Id5_Id8                        0x08004649   Thumb Code    92  can_receive.o(i.Send_3508_Id5_Id8)
    Send_To_Moto                             0x080046ad   Thumb Code    86  position_control.o(i.Send_To_Moto)
    SinTrajectory                            0x08004705   Thumb Code   458  position_control.o(i.SinTrajectory)
    StartJump                                0x080048f5   Thumb Code    38  jump.o(i.StartJump)
    Start_Task                               0x08004929   Thumb Code    66  start_task.o(i.Start_Task)
    State_Trans                              0x080049a5   Thumb Code   186  position_control.o(i.State_Trans)
    SysTick_Handler                          0x08004a69   Thumb Code    46  port.o(i.SysTick_Handler)
    SystemClock_Config                       0x08004a9d   Thumb Code   172  main.o(i.SystemClock_Config)
    SystemInit                               0x08004b51   Thumb Code    82  system_stm32f4xx.o(i.SystemInit)
    TIM1_UP_TIM10_IRQHandler                 0x08004bb5   Thumb Code    10  stm32f4xx_it.o(i.TIM1_UP_TIM10_IRQHandler)
    TIM_Base_SetConfig                       0x08004bc5   Thumb Code   170  stm32f4xx_hal_tim.o(i.TIM_Base_SetConfig)
    Theta_Gamma_To_moto_angle                0x08004c9d   Thumb Code   444  position_control.o(i.Theta_Gamma_To_moto_angle)
    USART1_IRQHandler                        0x08005409   Thumb Code    10  stm32f4xx_it.o(i.USART1_IRQHandler)
    USART2_IRQHandler                        0x08005419   Thumb Code   216  remote_control.o(i.USART2_IRQHandler)
    UsageFault_Handler                       0x08005505   Thumb Code     4  stm32f4xx_it.o(i.UsageFault_Handler)
    __0printf$bare                           0x08005509   Thumb Code     8  printfb.o(i.__0printf$bare)
    __1printf$bare                           0x08005509   Thumb Code     0  printfb.o(i.__0printf$bare)
    __2printf                                0x08005509   Thumb Code     0  printfb.o(i.__0printf$bare)
    __ARM_fpclassify                         0x08005519   Thumb Code    48  fpclassify.o(i.__ARM_fpclassify)
    __hardfp_acos                            0x08005599   Thumb Code   738  acos.o(i.__hardfp_acos)
    __hardfp_atan                            0x080058f1   Thumb Code   622  atan.o(i.__hardfp_atan)
    __hardfp_atan2                           0x08005bc9   Thumb Code   432  atan2.o(i.__hardfp_atan2)
    __hardfp_cos                             0x08005db9   Thumb Code   180  cos.o(i.__hardfp_cos)
    __hardfp_fmod                            0x08005e81   Thumb Code   254  fmod.o(i.__hardfp_fmod)
    __hardfp_pow                             0x08005f89   Thumb Code  3072  pow.o(i.__hardfp_pow)
    __hardfp_sqrt                            0x08006bd9   Thumb Code   122  sqrt_full.o(i.__hardfp_sqrt)
    __ieee754_rem_pio2                       0x08006c59   Thumb Code   938  rred.o(i.__ieee754_rem_pio2)
    __kernel_cos                             0x08007091   Thumb Code   322  cos_i.o(i.__kernel_cos)
    __kernel_poly                            0x08007201   Thumb Code   248  poly.o(i.__kernel_poly)
    __kernel_sin                             0x080072f9   Thumb Code   280  sin_i.o(i.__kernel_sin)
    __mathlib_dbl_divzero                    0x08007429   Thumb Code    28  dunder.o(i.__mathlib_dbl_divzero)
    __mathlib_dbl_infnan                     0x08007459   Thumb Code    20  dunder.o(i.__mathlib_dbl_infnan)
    __mathlib_dbl_infnan2                    0x0800746d   Thumb Code    20  dunder.o(i.__mathlib_dbl_infnan2)
    __mathlib_dbl_invalid                    0x08007481   Thumb Code    24  dunder.o(i.__mathlib_dbl_invalid)
    __mathlib_dbl_overflow                   0x080074a1   Thumb Code    24  dunder.o(i.__mathlib_dbl_overflow)
    __mathlib_dbl_underflow                  0x080074c1   Thumb Code    24  dunder.o(i.__mathlib_dbl_underflow)
    __scatterload_copy                       0x080074e1   Thumb Code    14  handlers.o(i.__scatterload_copy)
    __scatterload_null                       0x080074ef   Thumb Code     2  handlers.o(i.__scatterload_null)
    __scatterload_zeroinit                   0x080074f1   Thumb Code    14  handlers.o(i.__scatterload_zeroinit)
    __set_errno                              0x08007501   Thumb Code     6  errno.o(i.__set_errno)
    atan                                     0x0800752f   Thumb Code    16  atan.o(i.atan)
    delay_us                                 0x08007541   Thumb Code    64  main.o(i.delay_us)
    fabs                                     0x08007589   Thumb Code    24  fabs.o(i.fabs)
    fputc                                    0x080075a1   Thumb Code    22  main.o(i.fputc)
    gait                                     0x080075bd   Thumb Code   464  position_control.o(i.gait)
    get_Leg_moto_Measure_Point               0x080077b5   Thumb Code    18  can_receive.o(i.get_Leg_moto_Measure_Point)
    get_motor_measure                        0x080077cd   Thumb Code   212  can_receive.o(i.get_motor_measure)
    get_remote_control_point                 0x080078b5   Thumb Code     4  remote_control.o(i.get_remote_control_point)
    hop                                      0x080078bd   Thumb Code   190  position_control.o(i.hop)
    loop_fp32_constrain                      0x08007989   Thumb Code    96  user_lib.o(i.loop_fp32_constrain)
    main                                     0x080079e9   Thumb Code    66  main.o(i.main)
    osKernelInitialize                       0x08007a2d   Thumb Code    58  cmsis_os2.o(i.osKernelInitialize)
    osKernelStart                            0x08007a6d   Thumb Code    64  cmsis_os2.o(i.osKernelStart)
    pvPortMalloc                             0x0800847d   Thumb Code   296  heap_4.o(i.pvPortMalloc)
    pxPortInitialiseStack                    0x080085b9   Thumb Code    38  port.o(i.pxPortInitialiseStack)
    ramp_calc                                0x080085e5   Thumb Code    58  user_lib.o(i.ramp_calc)
    ramp_init                                0x08008625   Thumb Code     8  user_lib.o(i.ramp_init)
    remote_control_init                      0x0800862d   Thumb Code    12  remote_control.o(i.remote_control_init)
    sqrt                                     0x0800863d   Thumb Code   110  sqrt_full.o(i.sqrt)
    start_task                               0x080086ad   Thumb Code    24  start_task.o(i.start_task)
    theta_format                             0x080086d9   Thumb Code    24  user_lib.o(i.theta_format)
    uxListRemove                             0x080086f9   Thumb Code    40  list.o(i.uxListRemove)
    vApplicationGetIdleTaskMemory            0x08008721   Thumb Code    14  cmsis_os2.o(i.vApplicationGetIdleTaskMemory)
    vApplicationGetTimerTaskMemory           0x08008739   Thumb Code    16  cmsis_os2.o(i.vApplicationGetTimerTaskMemory)
    vListInitialise                          0x08008751   Thumb Code    26  list.o(i.vListInitialise)
    vListInitialiseItem                      0x0800876b   Thumb Code     6  list.o(i.vListInitialiseItem)
    vListInsert                              0x08008771   Thumb Code    52  list.o(i.vListInsert)
    vListInsertEnd                           0x080087a5   Thumb Code    24  list.o(i.vListInsertEnd)
    vPortEnterCritical                       0x080087bd   Thumb Code    76  port.o(i.vPortEnterCritical)
    vPortExitCritical                        0x08008811   Thumb Code    56  port.o(i.vPortExitCritical)
    vPortFree                                0x0800884d   Thumb Code   140  heap_4.o(i.vPortFree)
    vPortSetupTimerInterrupt                 0x080088e1   Thumb Code    36  port.o(i.vPortSetupTimerInterrupt)
    vPortValidateInterruptPriority           0x08008909   Thumb Code   106  port.o(i.vPortValidateInterruptPriority)
    vQueueAddToRegistry                      0x08008981   Thumb Code    38  queue.o(i.vQueueAddToRegistry)
    vQueueWaitForMessageRestricted           0x080089ad   Thumb Code    74  queue.o(i.vQueueWaitForMessageRestricted)
    vTaskDelay                               0x080089f9   Thumb Code    82  tasks.o(i.vTaskDelay)
    vTaskDelete                              0x08008a55   Thumb Code   168  tasks.o(i.vTaskDelete)
    vTaskInternalSetTimeOutState             0x08008b1d   Thumb Code    14  tasks.o(i.vTaskInternalSetTimeOutState)
    vTaskMissedYield                         0x08008b35   Thumb Code     8  tasks.o(i.vTaskMissedYield)
    vTaskPlaceOnEventList                    0x08008b41   Thumb Code    52  tasks.o(i.vTaskPlaceOnEventList)
    vTaskPlaceOnEventListRestricted          0x08008b79   Thumb Code    60  tasks.o(i.vTaskPlaceOnEventListRestricted)
    vTaskStartScheduler                      0x08008bb9   Thumb Code   156  tasks.o(i.vTaskStartScheduler)
    vTaskSuspendAll                          0x08008c71   Thumb Code    12  tasks.o(i.vTaskSuspendAll)
    vTaskSwitchContext                       0x08008c81   Thumb Code   122  tasks.o(i.vTaskSwitchContext)
    xPortStartScheduler                      0x08008d11   Thumb Code   330  port.o(i.xPortStartScheduler)
    xQueueGenericCreateStatic                0x08008e79   Thumb Code   222  queue.o(i.xQueueGenericCreateStatic)
    xQueueGenericReset                       0x08008f59   Thumb Code   146  queue.o(i.xQueueGenericReset)
    xQueueGenericSend                        0x08008ff1   Thumb Code   420  queue.o(i.xQueueGenericSend)
    xQueueGenericSendFromISR                 0x08009199   Thumb Code   248  queue.o(i.xQueueGenericSendFromISR)
    xQueueReceive                            0x08009291   Thumb Code   356  queue.o(i.xQueueReceive)
    xTaskCheckForTimeOut                     0x080093f9   Thumb Code   132  tasks.o(i.xTaskCheckForTimeOut)
    xTaskCreate                              0x08009485   Thumb Code   100  tasks.o(i.xTaskCreate)
    xTaskCreateStatic                        0x080094e9   Thumb Code   184  tasks.o(i.xTaskCreateStatic)
    xTaskGetSchedulerState                   0x080095a1   Thumb Code    24  tasks.o(i.xTaskGetSchedulerState)
    xTaskGetTickCount                        0x080095c1   Thumb Code     6  tasks.o(i.xTaskGetTickCount)
    xTaskIncrementTick                       0x080095cd   Thumb Code   280  tasks.o(i.xTaskIncrementTick)
    xTaskPriorityDisinherit                  0x08009711   Thumb Code   152  tasks.o(i.xTaskPriorityDisinherit)
    xTaskRemoveFromEventList                 0x080097b5   Thumb Code   126  tasks.o(i.xTaskRemoveFromEventList)
    xTaskResumeAll                           0x0800984d   Thumb Code   222  tasks.o(i.xTaskResumeAll)
    xTimerCreateTimerTask                    0x08009951   Thumb Code   100  timers.o(i.xTimerCreateTimerTask)
    xTimerGenericCommand                     0x080099c9   Thumb Code   128  timers.o(i.xTimerGenericCommand)
    AHBPrescTable                            0x08009a54   Data          16  system_stm32f4xx.o(.constdata)
    APBPrescTable                            0x08009a64   Data           8  system_stm32f4xx.o(.constdata)
    sinTable_f32                             0x08009a84   Data        2052  arm_common_tables.o(.constdata)
    __mathlib_zero                           0x0800a428   Data           8  qnan.o(.constdata)
    Region$$Table$$Base                      0x0800a520   Number         0  anon$$obj.o(Region$$Table)
    Region$$Table$$Limit                     0x0800a540   Number         0  anon$$obj.o(Region$$Table)
    defaultTaskHandle                        0x20000000   Data           4  main.o(.data)
    __stdout                                 0x20000008   Data           4  main.o(.data)
    uwTick                                   0x20000010   Data           4  stm32f4xx_hal.o(.data)
    uwTickPrio                               0x20000014   Data           4  stm32f4xx_hal.o(.data)
    uwTickFreq                               0x20000018   Data           1  stm32f4xx_hal.o(.data)
    SystemCoreClock                          0x2000001c   Data           4  system_stm32f4xx.o(.data)
    pxCurrentTCB                             0x20000020   Data           4  tasks.o(.data)
    real_x                                   0x200000d0   Data           4  position_control.o(.data)
    real_y                                   0x200000d4   Data           4  position_control.o(.data)
    weight                                   0x200000d8   Data           4  position_control.o(.data)
    Angle_Gain                               0x200000dc   Data          12  position_control.o(.data)
    Speed_Gain                               0x200000e8   Data          12  position_control.o(.data)
    leg_0_theta_1                            0x200000f4   Data           4  position_control.o(.data)
    leg_0_theta_2                            0x200000f8   Data           4  position_control.o(.data)
    leg_1_theta_1                            0x200000fc   Data           4  position_control.o(.data)
    leg_1_theta_2                            0x20000100   Data           4  position_control.o(.data)
    leg_2_theta_1                            0x20000104   Data           4  position_control.o(.data)
    leg_2_theta_2                            0x20000108   Data           4  position_control.o(.data)
    leg_3_theta_1                            0x2000010c   Data           4  position_control.o(.data)
    leg_3_theta_2                            0x20000110   Data           4  position_control.o(.data)
    state                                    0x20000114   Data           1  position_control.o(.data)
    last_state                               0x20000115   Data           1  position_control.o(.data)
    state_gait_params                        0x20000118   Data         624  position_control.o(.data)
    P_1                                      0x20000388   Data           4  position_control.o(.data)
    P_2                                      0x2000038c   Data           4  position_control.o(.data)
    D_1                                      0x20000390   Data           4  position_control.o(.data)
    D_2                                      0x20000394   Data           4  position_control.o(.data)
    jacobian_gamma                           0x20000398   Data           4  position_control.o(.data)
    jacobian_theta                           0x2000039c   Data           4  position_control.o(.data)
    start_time_                              0x200003c4   Data           4  jump.o(.data)
    Reset                                    0x200003cc   Data           4  remote_control.o(.data)
    HX711_Buffer                             0x200003d0   Data           4  hx711.o(.data)
    Weight_Maopi                             0x200003d4   Data           4  hx711.o(.data)
    Weight_Shiwu                             0x200003d8   Data           4  hx711.o(.data)
    Flag_Error                               0x200003dc   Data           1  hx711.o(.data)
    huart1                                   0x200003ec   Data          64  main.o(.bss)
    hdma_usart1_rx                           0x2000042c   Data          96  main.o(.bss)
    htim7                                    0x2000048c   Data          64  main.o(.bss)
    htim1                                    0x200004cc   Data          64  stm32f4xx_hal_timebase_tim.o(.bss)
    xQueueRegistry                           0x2000050c   Data          64  queue.o(.bss)
    Gyro_info                                0x20004de0   Data          56  can_receive.o(.bss)
    Leg_Move                                 0x20004f50   Data        1280  3508_drive.o(.bss)
    gait_params                              0x20005450   Data          48  position_control.o(.bss)
    Jump_Up_Ramp                             0x200054a0   Data          20  jump.o(.bss)
    Jump_Fall_Ramp                           0x200054b4   Data          20  jump.o(.bss)
    rc_RxBuffer                              0x200054c8   Data         128  remote_control.o(.bss)
    hcan1                                    0x20005560   Data          40  can.o(.bss)
    hcan2                                    0x20005588   Data          40  can.o(.bss)
    FILTER1                                  0x200055b0   Data          40  can.o(.bss)
    FILTER2                                  0x200055d8   Data          40  can.o(.bss)
    Tx1Message                               0x20005600   Data          24  can.o(.bss)
    Rx1Message                               0x20005618   Data          28  can.o(.bss)
    Tx2Message                               0x20005634   Data          24  can.o(.bss)
    Rx2Message                               0x2000564c   Data          28  can.o(.bss)
    huart2                                   0x20005668   Data          64  rc.o(.bss)
    hdma_usart2_rx                           0x200056a8   Data          96  rc.o(.bss)
    __initial_sp                             0x20005b08   Data           0  startup_stm32f407xx.o(STACK)



==============================================================================

Memory Map of the image

  Image Entry point : 0x08000189

  Load Region LR_IROM1 (Base: 0x08000000, Size: 0x0000a92c, Max: 0x00080000, ABSOLUTE, COMPRESSED[0x0000a5d0])

    Execution Region ER_IROM1 (Exec base: 0x08000000, Load base: 0x08000000, Size: 0x0000a540, Max: 0x00080000, ABSOLUTE)

    Exec Addr    Load Addr    Size         Type   Attr      Idx    E Section Name        Object

    0x08000000   0x08000000   0x00000188   Data   RO            3    RESET               startup_stm32f407xx.o
    0x08000188   0x08000188   0x00000000   Code   RO         5982  * .ARM.Collect$$$$00000000  mc_w.l(entry.o)
    0x08000188   0x08000188   0x00000004   Code   RO         6318    .ARM.Collect$$$$00000001  mc_w.l(entry2.o)
    0x0800018c   0x0800018c   0x00000004   Code   RO         6321    .ARM.Collect$$$$00000004  mc_w.l(entry5.o)
    0x08000190   0x08000190   0x00000000   Code   RO         6323    .ARM.Collect$$$$00000008  mc_w.l(entry7b.o)
    0x08000190   0x08000190   0x00000000   Code   RO         6325    .ARM.Collect$$$$0000000A  mc_w.l(entry8b.o)
    0x08000190   0x08000190   0x00000008   Code   RO         6326    .ARM.Collect$$$$0000000B  mc_w.l(entry9a.o)
    0x08000198   0x08000198   0x00000000   Code   RO         6328    .ARM.Collect$$$$0000000D  mc_w.l(entry10a.o)
    0x08000198   0x08000198   0x00000000   Code   RO         6330    .ARM.Collect$$$$0000000F  mc_w.l(entry11a.o)
    0x08000198   0x08000198   0x00000004   Code   RO         6319    .ARM.Collect$$$$00002712  mc_w.l(entry2.o)
    0x0800019c   0x0800019c   0x000000be   Code   RO         4831    .emb_text           port.o
    0x0800025a   0x0800025a   0x00000002   PAD
    0x0800025c   0x0800025c   0x00000024   Code   RO            4    .text               startup_stm32f407xx.o
    0x08000280   0x08000280   0x00000074   Code   RO         5701    .text               arm_cortexM4lf_math.lib(arm_sin_f32.o)
    0x080002f4   0x080002f4   0x00000062   Code   RO         5985    .text               mc_w.l(uldiv.o)
    0x08000356   0x08000356   0x00000024   Code   RO         5987    .text               mc_w.l(memcpya.o)
    0x0800037a   0x0800037a   0x00000024   Code   RO         5991    .text               mc_w.l(memseta.o)
    0x0800039e   0x0800039e   0x0000014e   Code   RO         6255    .text               mf_w.l(dadd.o)
    0x080004ec   0x080004ec   0x000000e4   Code   RO         6257    .text               mf_w.l(dmul.o)
    0x080005d0   0x080005d0   0x000000de   Code   RO         6259    .text               mf_w.l(ddiv.o)
    0x080006ae   0x080006ae   0x00000026   Code   RO         6263    .text               mf_w.l(f2d.o)
    0x080006d4   0x080006d4   0x00000030   Code   RO         6265    .text               mf_w.l(cdcmple.o)
    0x08000704   0x08000704   0x00000030   Code   RO         6267    .text               mf_w.l(cdrcmple.o)
    0x08000734   0x08000734   0x00000038   Code   RO         6269    .text               mf_w.l(d2f.o)
    0x0800076c   0x0800076c   0x0000001e   Code   RO         6334    .text               mc_w.l(llshl.o)
    0x0800078a   0x0800078a   0x00000020   Code   RO         6336    .text               mc_w.l(llushr.o)
    0x080007aa   0x080007aa   0x00000024   Code   RO         6338    .text               mc_w.l(llsshr.o)
    0x080007ce   0x080007ce   0x00000000   Code   RO         6347    .text               mc_w.l(iusefp.o)
    0x080007ce   0x080007ce   0x0000006e   Code   RO         6348    .text               mf_w.l(fepilogue.o)
    0x0800083c   0x0800083c   0x000000ba   Code   RO         6350    .text               mf_w.l(depilogue.o)
    0x080008f6   0x080008f6   0x0000002e   Code   RO         6352    .text               mf_w.l(dscalb.o)
    0x08000924   0x08000924   0x000000a2   Code   RO         6354    .text               mf_w.l(dsqrt.o)
    0x080009c6   0x080009c6   0x00000086   Code   RO         6356    .text               mf_w.l(drem.o)
    0x08000a4c   0x08000a4c   0x00000022   Code   RO         6358    .text               mf_w.l(dflti.o)
    0x08000a6e   0x08000a6e   0x00000002   PAD
    0x08000a70   0x08000a70   0x00000024   Code   RO         6362    .text               mc_w.l(init.o)
    0x08000a94   0x08000a94   0x0000001a   Code   RO         6364    .text               mf_w.l(dfltui.o)
    0x08000aae   0x08000aae   0x0000003e   Code   RO         6366    .text               mf_w.l(dfixi.o)
    0x08000aec   0x08000aec   0x00000056   Code   RO         6376    .text               mc_w.l(__dczerorl2.o)
    0x08000b42   0x08000b42   0x00000004   Code   RO          330    i.BusFault_Handler  stm32f4xx_it.o
    0x08000b46   0x08000b46   0x00000002   PAD
    0x08000b48   0x08000b48   0x00000010   Code   RO          331    i.CAN1_RX0_IRQHandler  stm32f4xx_it.o
    0x08000b58   0x08000b58   0x00000010   Code   RO          332    i.CAN2_RX0_IRQHandler  stm32f4xx_it.o
    0x08000b68   0x08000b68   0x000000ec   Code   RO         5205    i.CartesianToLegParams  position_control.o
    0x08000c54   0x08000c54   0x0000003e   Code   RO         5206    i.CartesianToThetaGamma  position_control.o
    0x08000c92   0x08000c92   0x00000002   PAD
    0x08000c94   0x08000c94   0x0000014c   Code   RO         5207    i.CommandAllLegs    position_control.o
    0x08000de0   0x08000de0   0x0000003c   Code   RO         5208    i.CoupledMoveLeg    position_control.o
    0x08000e1c   0x08000e1c   0x00000010   Code   RO          333    i.DMA1_Stream5_IRQHandler  stm32f4xx_it.o
    0x08000e2c   0x08000e2c   0x00000010   Code   RO          334    i.DMA2_Stream2_IRQHandler  stm32f4xx_it.o
    0x08000e3c   0x08000e3c   0x00000034   Code   RO         2534    i.DMA_CalcBaseAndBitshift  stm32f4xx_hal_dma.o
    0x08000e70   0x08000e70   0x000000aa   Code   RO         2535    i.DMA_CheckFifoParam  stm32f4xx_hal_dma.o
    0x08000f1a   0x08000f1a   0x0000002c   Code   RO         2536    i.DMA_SetConfig     stm32f4xx_hal_dma.o
    0x08000f46   0x08000f46   0x00000002   Code   RO          335    i.DebugMon_Handler  stm32f4xx_it.o
    0x08000f48   0x08000f48   0x00000018   Code   RO         5113    i.DetectHook        detect_task.o
    0x08000f60   0x08000f60   0x00000024   Code   RO         5114    i.DetectInit        detect_task.o
    0x08000f84   0x08000f84   0x000000d8   Code   RO         5115    i.DetectTask        detect_task.o
    0x0800105c   0x0800105c   0x0000001c   Code   RO         5116    i.Detect_Judeg      detect_task.o
    0x08001078   0x08001078   0x00000002   Code   RO          188    i.Error_Handler     main.o
    0x0800107a   0x0800107a   0x00000002   PAD
    0x0800107c   0x0800107c   0x00000224   Code   RO         5408    i.ExecuteJump       jump.o
    0x080012a0   0x080012a0   0x00000138   Code   RO         5209    i.GetGamma          position_control.o
    0x080013d8   0x080013d8   0x00000010   Code   RO         5593    i.Get_Maopi         hx711.o
    0x080013e8   0x080013e8   0x000000e0   Code   RO         5446    i.Get_Remote_info   remote_control.o
    0x080014c8   0x080014c8   0x0000002a   Code   RO          527    i.HAL_CAN_ActivateNotification  stm32f4xx_hal_can.o
    0x080014f2   0x080014f2   0x00000156   Code   RO          528    i.HAL_CAN_AddTxMessage  stm32f4xx_hal_can.o
    0x08001648   0x08001648   0x00000124   Code   RO          529    i.HAL_CAN_ConfigFilter  stm32f4xx_hal_can.o
    0x0800176c   0x0800176c   0x00000002   Code   RO          532    i.HAL_CAN_ErrorCallback  stm32f4xx_hal_can.o
    0x0800176e   0x0800176e   0x0000017c   Code   RO          535    i.HAL_CAN_GetRxMessage  stm32f4xx_hal_can.o
    0x080018ea   0x080018ea   0x0000024e   Code   RO          539    i.HAL_CAN_IRQHandler  stm32f4xx_hal_can.o
    0x08001b38   0x08001b38   0x00000174   Code   RO          540    i.HAL_CAN_Init      stm32f4xx_hal_can.o
    0x08001cac   0x08001cac   0x00000164   Code   RO          425    i.HAL_CAN_MspInit   stm32f4xx_hal_msp.o
    0x08001e10   0x08001e10   0x00000002   Code   RO          547    i.HAL_CAN_RxFifo0FullCallback  stm32f4xx_hal_can.o
    0x08001e12   0x08001e12   0x00000002   PAD
    0x08001e14   0x08001e14   0x000002c0   Code   RO         4911    i.HAL_CAN_RxFifo0MsgPendingCallback  can_receive.o
    0x080020d4   0x080020d4   0x00000002   Code   RO          549    i.HAL_CAN_RxFifo1FullCallback  stm32f4xx_hal_can.o
    0x080020d6   0x080020d6   0x00000002   Code   RO          550    i.HAL_CAN_RxFifo1MsgPendingCallback  stm32f4xx_hal_can.o
    0x080020d8   0x080020d8   0x00000002   Code   RO          551    i.HAL_CAN_SleepCallback  stm32f4xx_hal_can.o
    0x080020da   0x080020da   0x0000005e   Code   RO          552    i.HAL_CAN_Start     stm32f4xx_hal_can.o
    0x08002138   0x08002138   0x00000002   Code   RO          554    i.HAL_CAN_TxMailbox0AbortCallback  stm32f4xx_hal_can.o
    0x0800213a   0x0800213a   0x00000002   Code   RO          555    i.HAL_CAN_TxMailbox0CompleteCallback  stm32f4xx_hal_can.o
    0x0800213c   0x0800213c   0x00000002   Code   RO          556    i.HAL_CAN_TxMailbox1AbortCallback  stm32f4xx_hal_can.o
    0x0800213e   0x0800213e   0x00000002   Code   RO          557    i.HAL_CAN_TxMailbox1CompleteCallback  stm32f4xx_hal_can.o
    0x08002140   0x08002140   0x00000002   Code   RO          558    i.HAL_CAN_TxMailbox2AbortCallback  stm32f4xx_hal_can.o
    0x08002142   0x08002142   0x00000002   Code   RO          559    i.HAL_CAN_TxMailbox2CompleteCallback  stm32f4xx_hal_can.o
    0x08002144   0x08002144   0x00000002   Code   RO          561    i.HAL_CAN_WakeUpFromRxMsgCallback  stm32f4xx_hal_can.o
    0x08002146   0x08002146   0x00000028   Code   RO         2538    i.HAL_DMA_Abort_IT  stm32f4xx_hal_dma.o
    0x0800216e   0x0800216e   0x00000002   PAD
    0x08002170   0x08002170   0x00000240   Code   RO         2542    i.HAL_DMA_IRQHandler  stm32f4xx_hal_dma.o
    0x080023b0   0x080023b0   0x000000ec   Code   RO         2543    i.HAL_DMA_Init      stm32f4xx_hal_dma.o
    0x0800249c   0x0800249c   0x0000009e   Code   RO         2547    i.HAL_DMA_Start_IT  stm32f4xx_hal_dma.o
    0x0800253a   0x0800253a   0x00000002   PAD
    0x0800253c   0x0800253c   0x00000200   Code   RO         2430    i.HAL_GPIO_Init     stm32f4xx_hal_gpio.o
    0x0800273c   0x0800273c   0x00000010   Code   RO         2432    i.HAL_GPIO_ReadPin  stm32f4xx_hal_gpio.o
    0x0800274c   0x0800274c   0x0000000c   Code   RO         2434    i.HAL_GPIO_WritePin  stm32f4xx_hal_gpio.o
    0x08002758   0x08002758   0x0000000c   Code   RO         2967    i.HAL_GetTick       stm32f4xx_hal.o
    0x08002764   0x08002764   0x00000018   Code   RO         2973    i.HAL_IncTick       stm32f4xx_hal.o
    0x0800277c   0x0800277c   0x0000003c   Code   RO         2974    i.HAL_Init          stm32f4xx_hal.o
    0x080027b8   0x080027b8   0x0000008c   Code   RO          487    i.HAL_InitTick      stm32f4xx_hal_timebase_tim.o
    0x08002844   0x08002844   0x00000054   Code   RO          426    i.HAL_MspInit       stm32f4xx_hal_msp.o
    0x08002898   0x08002898   0x00000020   Code   RO         2819    i.HAL_NVIC_EnableIRQ  stm32f4xx_hal_cortex.o
    0x080028b8   0x080028b8   0x0000007c   Code   RO         2825    i.HAL_NVIC_SetPriority  stm32f4xx_hal_cortex.o
    0x08002934   0x08002934   0x00000028   Code   RO         2826    i.HAL_NVIC_SetPriorityGrouping  stm32f4xx_hal_cortex.o
    0x0800295c   0x0800295c   0x00000180   Code   RO         2031    i.HAL_RCC_ClockConfig  stm32f4xx_hal_rcc.o
    0x08002adc   0x08002adc   0x00000044   Code   RO         2035    i.HAL_RCC_GetClockConfig  stm32f4xx_hal_rcc.o
    0x08002b20   0x08002b20   0x0000000c   Code   RO         2036    i.HAL_RCC_GetHCLKFreq  stm32f4xx_hal_rcc.o
    0x08002b2c   0x08002b2c   0x00000020   Code   RO         2038    i.HAL_RCC_GetPCLK1Freq  stm32f4xx_hal_rcc.o
    0x08002b4c   0x08002b4c   0x00000020   Code   RO         2039    i.HAL_RCC_GetPCLK2Freq  stm32f4xx_hal_rcc.o
    0x08002b6c   0x08002b6c   0x000000b0   Code   RO         2040    i.HAL_RCC_GetSysClockFreq  stm32f4xx_hal_rcc.o
    0x08002c1c   0x08002c1c   0x00000448   Code   RO         2043    i.HAL_RCC_OscConfig  stm32f4xx_hal_rcc.o
    0x08003064   0x08003064   0x00000002   Code   RO         1448    i.HAL_TIMEx_BreakCallback  stm32f4xx_hal_tim_ex.o
    0x08003066   0x08003066   0x00000002   Code   RO         1449    i.HAL_TIMEx_CommutCallback  stm32f4xx_hal_tim_ex.o
    0x08003068   0x08003068   0x00000054   Code   RO         1466    i.HAL_TIMEx_MasterConfigSynchronization  stm32f4xx_hal_tim_ex.o
    0x080030bc   0x080030bc   0x00000034   Code   RO          762    i.HAL_TIM_Base_Init  stm32f4xx_hal_tim.o
    0x080030f0   0x080030f0   0x00000034   Code   RO          428    i.HAL_TIM_Base_MspInit  stm32f4xx_hal_msp.o
    0x08003124   0x08003124   0x0000002a   Code   RO          765    i.HAL_TIM_Base_Start  stm32f4xx_hal_tim.o
    0x0800314e   0x0800314e   0x0000002a   Code   RO          767    i.HAL_TIM_Base_Start_IT  stm32f4xx_hal_tim.o
    0x08003178   0x08003178   0x00000038   Code   RO          768    i.HAL_TIM_Base_Stop  stm32f4xx_hal_tim.o
    0x080031b0   0x080031b0   0x00000002   Code   RO          791    i.HAL_TIM_IC_CaptureCallback  stm32f4xx_hal_tim.o
    0x080031b2   0x080031b2   0x00000196   Code   RO          805    i.HAL_TIM_IRQHandler  stm32f4xx_hal_tim.o
    0x08003348   0x08003348   0x00000002   Code   RO          808    i.HAL_TIM_OC_DelayElapsedCallback  stm32f4xx_hal_tim.o
    0x0800334a   0x0800334a   0x00000002   Code   RO          835    i.HAL_TIM_PWM_PulseFinishedCallback  stm32f4xx_hal_tim.o
    0x0800334c   0x0800334c   0x00000018   Code   RO          189    i.HAL_TIM_PeriodElapsedCallback  main.o
    0x08003364   0x08003364   0x00000002   Code   RO          848    i.HAL_TIM_TriggerCallback  stm32f4xx_hal_tim.o
    0x08003366   0x08003366   0x00000002   Code   RO         1720    i.HAL_UART_ErrorCallback  stm32f4xx_hal_uart.o
    0x08003368   0x08003368   0x0000014c   Code   RO         1723    i.HAL_UART_IRQHandler  stm32f4xx_hal_uart.o
    0x080034b4   0x080034b4   0x00000072   Code   RO         1724    i.HAL_UART_Init     stm32f4xx_hal_uart.o
    0x08003526   0x08003526   0x00000002   PAD
    0x08003528   0x08003528   0x000001b0   Code   RO          430    i.HAL_UART_MspInit  stm32f4xx_hal_msp.o
    0x080036d8   0x080036d8   0x000000c4   Code   RO         1728    i.HAL_UART_Receive_DMA  stm32f4xx_hal_uart.o
    0x0800379c   0x0800379c   0x00000002   Code   RO         1730    i.HAL_UART_RxCpltCallback  stm32f4xx_hal_uart.o
    0x0800379e   0x0800379e   0x00000002   Code   RO         1731    i.HAL_UART_RxHalfCpltCallback  stm32f4xx_hal_uart.o
    0x080037a0   0x080037a0   0x00000002   Code   RO         1735    i.HAL_UART_TxCpltCallback  stm32f4xx_hal_uart.o
    0x080037a2   0x080037a2   0x00000002   PAD
    0x080037a4   0x080037a4   0x000000b4   Code   RO         5596    i.HX711_Read        hx711.o
    0x08003858   0x08003858   0x00000004   Code   RO          336    i.HardFault_Handler  stm32f4xx_it.o
    0x0800385c   0x0800385c   0x00000044   Code   RO         5597    i.Init_HX711pin     hx711.o
    0x080038a0   0x080038a0   0x00000204   Code   RO         5210    i.IsValidGaitParams  position_control.o
    0x08003aa4   0x08003aa4   0x00000114   Code   RO         5161    i.Leg_Control_Loop  3508_drive.o
    0x08003bb8   0x08003bb8   0x00000060   Code   RO         5162    i.Leg_Moto_Data_Init  3508_drive.o
    0x08003c18   0x08003c18   0x00000084   Code   RO         5163    i.Leg_Moto_Data_Update  3508_drive.o
    0x08003c9c   0x08003c9c   0x00000078   Code   RO         5527    i.MX_CAN1_Init      can.o
    0x08003d14   0x08003d14   0x00000078   Code   RO         5528    i.MX_CAN2_Init      can.o
    0x08003d8c   0x08003d8c   0x00000068   Code   RO          190    i.MX_DMA_Init       main.o
    0x08003df4   0x08003df4   0x000000c0   Code   RO          191    i.MX_GPIO_Init      main.o
    0x08003eb4   0x08003eb4   0x00000048   Code   RO          192    i.MX_TIM7_Init      main.o
    0x08003efc   0x08003efc   0x00000038   Code   RO          193    i.MX_USART1_UART_Init  main.o
    0x08003f34   0x08003f34   0x00000004   Code   RO          337    i.MemManage_Handler  stm32f4xx_it.o
    0x08003f38   0x08003f38   0x00000002   Code   RO          338    i.NMI_Handler       stm32f4xx_it.o
    0x08003f3a   0x08003f3a   0x00000002   PAD
    0x08003f3c   0x08003f3c   0x000001f0   Code   RO           13    i.PID_Calc          pid.o
    0x0800412c   0x0800412c   0x00000022   Code   RO           14    i.PID_Chang_Params  pid.o
    0x0800414e   0x0800414e   0x00000002   PAD
    0x08004150   0x08004150   0x00000060   Code   RO           15    i.PID_Init          pid.o
    0x080041b0   0x080041b0   0x000003d8   Code   RO         5213    i.PositionControlThread  position_control.o
    0x08004588   0x08004588   0x0000005c   Code   RO         5563    i.RC_Init           rc.o
    0x080045e4   0x080045e4   0x00000064   Code   RO         4912    i.Send_3508_Id1_Id4  can_receive.o
    0x08004648   0x08004648   0x00000064   Code   RO         4913    i.Send_3508_Id5_Id8  can_receive.o
    0x080046ac   0x080046ac   0x00000056   Code   RO         5214    i.Send_To_Moto      position_control.o
    0x08004702   0x08004702   0x00000002   PAD
    0x08004704   0x08004704   0x000001f0   Code   RO         5215    i.SinTrajectory     position_control.o
    0x080048f4   0x080048f4   0x00000034   Code   RO         5409    i.StartJump         jump.o
    0x08004928   0x08004928   0x0000007c   Code   RO         5363    i.Start_Task        start_task.o
    0x080049a4   0x080049a4   0x000000c4   Code   RO         5216    i.State_Trans       position_control.o
    0x08004a68   0x08004a68   0x00000034   Code   RO         4832    i.SysTick_Handler   port.o
    0x08004a9c   0x08004a9c   0x000000b4   Code   RO          194    i.SystemClock_Config  main.o
    0x08004b50   0x08004b50   0x00000064   Code   RO         3210    i.SystemInit        system_stm32f4xx.o
    0x08004bb4   0x08004bb4   0x00000010   Code   RO          339    i.TIM1_UP_TIM10_IRQHandler  stm32f4xx_it.o
    0x08004bc4   0x08004bc4   0x000000d8   Code   RO          850    i.TIM_Base_SetConfig  stm32f4xx_hal_tim.o
    0x08004c9c   0x08004c9c   0x000001e8   Code   RO         5217    i.Theta_Gamma_To_moto_angle  position_control.o
    0x08004e84   0x08004e84   0x00000014   Code   RO         1737    i.UART_DMAAbortOnError  stm32f4xx_hal_uart.o
    0x08004e98   0x08004e98   0x00000050   Code   RO         1738    i.UART_DMAError     stm32f4xx_hal_uart.o
    0x08004ee8   0x08004ee8   0x00000046   Code   RO         1739    i.UART_DMAReceiveCplt  stm32f4xx_hal_uart.o
    0x08004f2e   0x08004f2e   0x0000000e   Code   RO         1741    i.UART_DMARxHalfCplt  stm32f4xx_hal_uart.o
    0x08004f3c   0x08004f3c   0x00000020   Code   RO         1747    i.UART_EndRxTransfer  stm32f4xx_hal_uart.o
    0x08004f5c   0x08004f5c   0x00000020   Code   RO         1748    i.UART_EndTransmit_IT  stm32f4xx_hal_uart.o
    0x08004f7c   0x08004f7c   0x00000014   Code   RO         1749    i.UART_EndTxTransfer  stm32f4xx_hal_uart.o
    0x08004f90   0x08004f90   0x000000a6   Code   RO         1750    i.UART_Receive_IT   stm32f4xx_hal_uart.o
    0x08005036   0x08005036   0x00000002   PAD
    0x08005038   0x08005038   0x00000368   Code   RO         1751    i.UART_SetConfig    stm32f4xx_hal_uart.o
    0x080053a0   0x080053a0   0x00000068   Code   RO         1752    i.UART_Transmit_IT  stm32f4xx_hal_uart.o
    0x08005408   0x08005408   0x00000010   Code   RO          340    i.USART1_IRQHandler  stm32f4xx_it.o
    0x08005418   0x08005418   0x000000ec   Code   RO         5447    i.USART2_IRQHandler  remote_control.o
    0x08005504   0x08005504   0x00000004   Code   RO          341    i.UsageFault_Handler  stm32f4xx_it.o
    0x08005508   0x08005508   0x00000010   Code   RO         5996    i.__0printf$bare    mc_w.l(printfb.o)
    0x08005518   0x08005518   0x00000030   Code   RO         6302    i.__ARM_fpclassify  m_wm.l(fpclassify.o)
    0x08005548   0x08005548   0x00000010   Code   RO         2832    i.__NVIC_GetPriorityGrouping  stm32f4xx_hal_cortex.o
    0x08005558   0x08005558   0x00000028   Code   RO         2833    i.__NVIC_SetPriority  stm32f4xx_hal_cortex.o
    0x08005580   0x08005580   0x00000006   Code   RO         4346    i.__get_BASEPRI     cmsis_os2.o
    0x08005586   0x08005586   0x00000006   Code   RO         4347    i.__get_IPSR        cmsis_os2.o
    0x0800558c   0x0800558c   0x00000006   Code   RO         4348    i.__get_PRIMASK     cmsis_os2.o
    0x08005592   0x08005592   0x00000006   PAD
    0x08005598   0x08005598   0x00000358   Code   RO         5900    i.__hardfp_acos     m_wm.l(acos.o)
    0x080058f0   0x080058f0   0x000002d8   Code   RO         6271    i.__hardfp_atan     m_wm.l(atan.o)
    0x08005bc8   0x08005bc8   0x000001f0   Code   RO         5914    i.__hardfp_atan2    m_wm.l(atan2.o)
    0x08005db8   0x08005db8   0x000000c8   Code   RO         5926    i.__hardfp_cos      m_wm.l(cos.o)
    0x08005e80   0x08005e80   0x00000104   Code   RO         5944    i.__hardfp_fmod     m_wm.l(fmod.o)
    0x08005f84   0x08005f84   0x00000004   PAD
    0x08005f88   0x08005f88   0x00000c50   Code   RO         5956    i.__hardfp_pow      m_wm.l(pow.o)
    0x08006bd8   0x08006bd8   0x0000007a   Code   RO         5970    i.__hardfp_sqrt     m_wm.l(sqrt_full.o)
    0x08006c52   0x08006c52   0x00000006   PAD
    0x08006c58   0x08006c58   0x00000438   Code   RO         6307    i.__ieee754_rem_pio2  m_wm.l(rred.o)
    0x08007090   0x08007090   0x00000170   Code   RO         6285    i.__kernel_cos      m_wm.l(cos_i.o)
    0x08007200   0x08007200   0x000000f8   Code   RO         6304    i.__kernel_poly     m_wm.l(poly.o)
    0x080072f8   0x080072f8   0x00000130   Code   RO         6312    i.__kernel_sin      m_wm.l(sin_i.o)
    0x08007428   0x08007428   0x00000030   Code   RO         6288    i.__mathlib_dbl_divzero  m_wm.l(dunder.o)
    0x08007458   0x08007458   0x00000014   Code   RO         6289    i.__mathlib_dbl_infnan  m_wm.l(dunder.o)
    0x0800746c   0x0800746c   0x00000014   Code   RO         6290    i.__mathlib_dbl_infnan2  m_wm.l(dunder.o)
    0x08007480   0x08007480   0x00000020   Code   RO         6291    i.__mathlib_dbl_invalid  m_wm.l(dunder.o)
    0x080074a0   0x080074a0   0x00000020   Code   RO         6292    i.__mathlib_dbl_overflow  m_wm.l(dunder.o)
    0x080074c0   0x080074c0   0x00000020   Code   RO         6294    i.__mathlib_dbl_underflow  m_wm.l(dunder.o)
    0x080074e0   0x080074e0   0x0000000e   Code   RO         6370    i.__scatterload_copy  mc_w.l(handlers.o)
    0x080074ee   0x080074ee   0x00000002   Code   RO         6371    i.__scatterload_null  mc_w.l(handlers.o)
    0x080074f0   0x080074f0   0x0000000e   Code   RO         6372    i.__scatterload_zeroinit  mc_w.l(handlers.o)
    0x080074fe   0x080074fe   0x00000002   PAD
    0x08007500   0x08007500   0x0000000c   Code   RO         6342    i.__set_errno       mc_w.l(errno.o)
    0x0800750c   0x0800750c   0x00000022   Code   RO         6003    i._printf_core      mc_w.l(printfb.o)
    0x0800752e   0x0800752e   0x00000010   Code   RO         6273    i.atan              m_wm.l(atan.o)
    0x0800753e   0x0800753e   0x00000002   PAD
    0x08007540   0x08007540   0x00000048   Code   RO          196    i.delay_us          main.o
    0x08007588   0x08007588   0x00000018   Code   RO         5940    i.fabs              m_wm.l(fabs.o)
    0x080075a0   0x080075a0   0x0000001c   Code   RO          197    i.fputc             main.o
    0x080075bc   0x080075bc   0x000001f8   Code   RO         5218    i.gait              position_control.o
    0x080077b4   0x080077b4   0x00000018   Code   RO         4916    i.get_Leg_moto_Measure_Point  can_receive.o
    0x080077cc   0x080077cc   0x000000e8   Code   RO         4917    i.get_motor_measure  can_receive.o
    0x080078b4   0x080078b4   0x00000008   Code   RO         5448    i.get_remote_control_point  remote_control.o
    0x080078bc   0x080078bc   0x000000cc   Code   RO         5219    i.hop               position_control.o
    0x08007988   0x08007988   0x00000060   Code   RO         4996    i.loop_fp32_constrain  user_lib.o
    0x080079e8   0x080079e8   0x00000042   Code   RO          198    i.main              main.o
    0x08007a2a   0x08007a2a   0x00000002   PAD
    0x08007a2c   0x08007a2c   0x00000040   Code   RO         4363    i.osKernelInitialize  cmsis_os2.o
    0x08007a6c   0x08007a6c   0x00000044   Code   RO         4366    i.osKernelStart     cmsis_os2.o
    0x08007ab0   0x08007ab0   0x0000007c   Code   RO         3821    i.prvAddCurrentTaskToDelayedList  tasks.o
    0x08007b2c   0x08007b2c   0x000000b8   Code   RO         3822    i.prvAddNewTaskToReadyList  tasks.o
    0x08007be4   0x08007be4   0x00000074   Code   RO         4182    i.prvCheckForValidListAndQueue  timers.o
    0x08007c58   0x08007c58   0x00000048   Code   RO         3823    i.prvCheckTasksWaitingTermination  tasks.o
    0x08007ca0   0x08007ca0   0x0000002a   Code   RO         3414    i.prvCopyDataFromQueue  queue.o
    0x08007cca   0x08007cca   0x0000007c   Code   RO         3415    i.prvCopyDataToQueue  queue.o
    0x08007d46   0x08007d46   0x00000050   Code   RO         3824    i.prvDeleteTCB      tasks.o
    0x08007d96   0x08007d96   0x00000002   PAD
    0x08007d98   0x08007d98   0x00000028   Code   RO         4183    i.prvGetNextExpireTime  timers.o
    0x08007dc0   0x08007dc0   0x0000007c   Code   RO         4782    i.prvHeapInit       heap_4.o
    0x08007e3c   0x08007e3c   0x00000028   Code   RO         3825    i.prvIdleTask       tasks.o
    0x08007e64   0x08007e64   0x0000002a   Code   RO         3418    i.prvInitialiseNewQueue  queue.o
    0x08007e8e   0x08007e8e   0x000000b4   Code   RO         3826    i.prvInitialiseNewTask  tasks.o
    0x08007f42   0x08007f42   0x00000002   PAD
    0x08007f44   0x08007f44   0x00000068   Code   RO         3827    i.prvInitialiseTaskLists  tasks.o
    0x08007fac   0x08007fac   0x00000068   Code   RO         4783    i.prvInsertBlockIntoFreeList  heap_4.o
    0x08008014   0x08008014   0x00000058   Code   RO         4185    i.prvInsertTimerInActiveList  timers.o
    0x0800806c   0x0800806c   0x0000001a   Code   RO         3419    i.prvIsQueueEmpty   queue.o
    0x08008086   0x08008086   0x0000001e   Code   RO         3420    i.prvIsQueueFull    queue.o
    0x080080a4   0x080080a4   0x00000064   Code   RO         4186    i.prvProcessExpiredTimer  timers.o
    0x08008108   0x08008108   0x00000128   Code   RO         4187    i.prvProcessReceivedCommands  timers.o
    0x08008230   0x08008230   0x00000074   Code   RO         4188    i.prvProcessTimerOrBlockTask  timers.o
    0x080082a4   0x080082a4   0x00000034   Code   RO         3829    i.prvResetNextTaskUnblockTime  tasks.o
    0x080082d8   0x080082d8   0x0000002c   Code   RO         4189    i.prvSampleTimeNow  timers.o
    0x08008304   0x08008304   0x000000a0   Code   RO         4190    i.prvSwitchTimerLists  timers.o
    0x080083a4   0x080083a4   0x00000040   Code   RO         4833    i.prvTaskExitError  port.o
    0x080083e4   0x080083e4   0x0000001a   Code   RO         4191    i.prvTimerTask      timers.o
    0x080083fe   0x080083fe   0x0000007e   Code   RO         3421    i.prvUnlockQueue    queue.o
    0x0800847c   0x0800847c   0x0000013c   Code   RO         4784    i.pvPortMalloc      heap_4.o
    0x080085b8   0x080085b8   0x0000002c   Code   RO         4834    i.pxPortInitialiseStack  port.o
    0x080085e4   0x080085e4   0x00000040   Code   RO         4997    i.ramp_calc         user_lib.o
    0x08008624   0x08008624   0x00000008   Code   RO         4998    i.ramp_init         user_lib.o
    0x0800862c   0x0800862c   0x00000010   Code   RO         5449    i.remote_control_init  remote_control.o
    0x0800863c   0x0800863c   0x0000006e   Code   RO         5972    i.sqrt              m_wm.l(sqrt_full.o)
    0x080086aa   0x080086aa   0x00000002   PAD
    0x080086ac   0x080086ac   0x0000002c   Code   RO         5364    i.start_task        start_task.o
    0x080086d8   0x080086d8   0x00000020   Code   RO         5000    i.theta_format      user_lib.o
    0x080086f8   0x080086f8   0x00000028   Code   RO         3374    i.uxListRemove      list.o
    0x08008720   0x08008720   0x00000018   Code   RO         4412    i.vApplicationGetIdleTaskMemory  cmsis_os2.o
    0x08008738   0x08008738   0x00000018   Code   RO         4413    i.vApplicationGetTimerTaskMemory  cmsis_os2.o
    0x08008750   0x08008750   0x0000001a   Code   RO         3375    i.vListInitialise   list.o
    0x0800876a   0x0800876a   0x00000006   Code   RO         3376    i.vListInitialiseItem  list.o
    0x08008770   0x08008770   0x00000034   Code   RO         3377    i.vListInsert       list.o
    0x080087a4   0x080087a4   0x00000018   Code   RO         3378    i.vListInsertEnd    list.o
    0x080087bc   0x080087bc   0x00000054   Code   RO         4836    i.vPortEnterCritical  port.o
    0x08008810   0x08008810   0x0000003c   Code   RO         4837    i.vPortExitCritical  port.o
    0x0800884c   0x0800884c   0x00000094   Code   RO         4785    i.vPortFree         heap_4.o
    0x080088e0   0x080088e0   0x00000028   Code   RO         4838    i.vPortSetupTimerInterrupt  port.o
    0x08008908   0x08008908   0x00000078   Code   RO         4839    i.vPortValidateInterruptPriority  port.o
    0x08008980   0x08008980   0x0000002c   Code   RO         3427    i.vQueueAddToRegistry  queue.o
    0x080089ac   0x080089ac   0x0000004a   Code   RO         3431    i.vQueueWaitForMessageRestricted  queue.o
    0x080089f6   0x080089f6   0x00000002   PAD
    0x080089f8   0x080089f8   0x0000005c   Code   RO         3841    i.vTaskDelay        tasks.o
    0x08008a54   0x08008a54   0x000000c8   Code   RO         3843    i.vTaskDelete       tasks.o
    0x08008b1c   0x08008b1c   0x00000018   Code   RO         3846    i.vTaskInternalSetTimeOutState  tasks.o
    0x08008b34   0x08008b34   0x0000000c   Code   RO         3847    i.vTaskMissedYield  tasks.o
    0x08008b40   0x08008b40   0x00000038   Code   RO         3849    i.vTaskPlaceOnEventList  tasks.o
    0x08008b78   0x08008b78   0x00000040   Code   RO         3850    i.vTaskPlaceOnEventListRestricted  tasks.o
    0x08008bb8   0x08008bb8   0x000000b8   Code   RO         3858    i.vTaskStartScheduler  tasks.o
    0x08008c70   0x08008c70   0x00000010   Code   RO         3860    i.vTaskSuspendAll   tasks.o
    0x08008c80   0x08008c80   0x00000090   Code   RO         3861    i.vTaskSwitchContext  tasks.o
    0x08008d10   0x08008d10   0x00000168   Code   RO         4840    i.xPortStartScheduler  port.o
    0x08008e78   0x08008e78   0x000000de   Code   RO         3437    i.xQueueGenericCreateStatic  queue.o
    0x08008f56   0x08008f56   0x00000002   PAD
    0x08008f58   0x08008f58   0x00000098   Code   RO         3438    i.xQueueGenericReset  queue.o
    0x08008ff0   0x08008ff0   0x000001a8   Code   RO         3439    i.xQueueGenericSend  queue.o
    0x08009198   0x08009198   0x000000f8   Code   RO         3440    i.xQueueGenericSendFromISR  queue.o
    0x08009290   0x08009290   0x00000168   Code   RO         3449    i.xQueueReceive     queue.o
    0x080093f8   0x080093f8   0x0000008c   Code   RO         3862    i.xTaskCheckForTimeOut  tasks.o
    0x08009484   0x08009484   0x00000064   Code   RO         3863    i.xTaskCreate       tasks.o
    0x080094e8   0x080094e8   0x000000b8   Code   RO         3864    i.xTaskCreateStatic  tasks.o
    0x080095a0   0x080095a0   0x00000020   Code   RO         3868    i.xTaskGetSchedulerState  tasks.o
    0x080095c0   0x080095c0   0x0000000c   Code   RO         3869    i.xTaskGetTickCount  tasks.o
    0x080095cc   0x080095cc   0x00000144   Code   RO         3871    i.xTaskIncrementTick  tasks.o
    0x08009710   0x08009710   0x000000a4   Code   RO         3874    i.xTaskPriorityDisinherit  tasks.o
    0x080097b4   0x080097b4   0x00000098   Code   RO         3876    i.xTaskRemoveFromEventList  tasks.o
    0x0800984c   0x0800984c   0x00000104   Code   RO         3877    i.xTaskResumeAll    tasks.o
    0x08009950   0x08009950   0x00000078   Code   RO         4198    i.xTimerCreateTimerTask  timers.o
    0x080099c8   0x080099c8   0x00000084   Code   RO         4199    i.xTimerGenericCommand  timers.o
    0x08009a4c   0x08009a4c   0x00000008   Data   RO         2549    .constdata          stm32f4xx_hal_dma.o
    0x08009a54   0x08009a54   0x00000018   Data   RO         3211    .constdata          system_stm32f4xx.o
    0x08009a6c   0x08009a6c   0x00000018   Data   RO         5165    .constdata          3508_drive.o
    0x08009a84   0x08009a84   0x00000804   Data   RO         5877    .constdata          arm_cortexM4lf_math.lib(arm_common_tables.o)
    0x0800a288   0x0800a288   0x00000050   Data   RO         5903    .constdata          m_wm.l(acos.o)
    0x0800a2d8   0x0800a2d8   0x00000088   Data   RO         5959    .constdata          m_wm.l(pow.o)
    0x0800a360   0x0800a360   0x00000098   Data   RO         6274    .constdata          m_wm.l(atan.o)
    0x0800a3f8   0x0800a3f8   0x00000030   Data   RO         6286    .constdata          m_wm.l(cos_i.o)
    0x0800a428   0x0800a428   0x00000008   Data   RO         6306    .constdata          m_wm.l(qnan.o)
    0x0800a430   0x0800a430   0x000000c8   Data   RO         6309    .constdata          m_wm.l(rred.o)
    0x0800a4f8   0x0800a4f8   0x00000028   Data   RO         6313    .constdata          m_wm.l(sin_i.o)
    0x0800a520   0x0800a520   0x00000020   Data   RO         6368    Region$$Table       anon$$obj.o


    Execution Region RW_IRAM1 (Exec base: 0x20000000, Load base: 0x0800a540, Size: 0x00005b08, Max: 0x00020000, ABSOLUTE, COMPRESSED[0x00000090])

    Exec Addr    Load Addr    Size         Type   Attr      Idx    E Section Name        Object

    0x20000000   COMPRESSED   0x0000000c   Data   RW          200    .data               main.o
    0x2000000c   COMPRESSED   0x00000004   Data   RW          431    .data               stm32f4xx_hal_msp.o
    0x20000010   COMPRESSED   0x00000009   Data   RW         2981    .data               stm32f4xx_hal.o
    0x20000019   COMPRESSED   0x00000003   PAD
    0x2000001c   COMPRESSED   0x00000004   Data   RW         3212    .data               system_stm32f4xx.o
    0x20000020   COMPRESSED   0x0000003c   Data   RW         3880    .data               tasks.o
    0x2000005c   COMPRESSED   0x00000014   Data   RW         4207    .data               timers.o
    0x20000070   COMPRESSED   0x00000004   Data   RW         4415    .data               cmsis_os2.o
    0x20000074   COMPRESSED   0x00000018   Data   RW         4790    .data               heap_4.o
    0x2000008c   COMPRESSED   0x0000000c   Data   RW         4841    .data               port.o
    0x20000098   COMPRESSED   0x00000034   Data   RW         4919    .data               can_receive.o
    0x200000cc   COMPRESSED   0x00000004   Data   RW         5118    .data               detect_task.o
    0x200000d0   COMPRESSED   0x000002e8   Data   RW         5221    .data               position_control.o
    0x200003b8   COMPRESSED   0x0000000c   Data   RW         5365    .data               start_task.o
    0x200003c4   COMPRESSED   0x00000004   Data   RW         5411    .data               jump.o
    0x200003c8   COMPRESSED   0x00000008   Data   RW         5451    .data               remote_control.o
    0x200003d0   COMPRESSED   0x00000015   Data   RW         5599    .data               hx711.o
    0x200003e5   COMPRESSED   0x00000003   PAD
    0x200003e8   COMPRESSED   0x00000004   Data   RW         6343    .data               mc_w.l(errno.o)
    0x200003ec        -       0x000000e0   Zero   RW          199    .bss                main.o
    0x200004cc        -       0x00000040   Zero   RW          490    .bss                stm32f4xx_hal_timebase_tim.o
    0x2000050c        -       0x00000040   Zero   RW         3453    .bss                queue.o
    0x2000054c        -       0x000004c4   Zero   RW         3879    .bss                tasks.o
    0x20000a10        -       0x00000118   Zero   RW         4206    .bss                timers.o
    0x20000b28        -       0x000006b8   Zero   RW         4414    .bss                cmsis_os2.o
    0x200011e0        -       0x00003c00   Zero   RW         4789    .bss                heap_4.o
    0x20004de0        -       0x000000f8   Zero   RW         4918    .bss                can_receive.o
    0x20004ed8        -       0x00000077   Zero   RW         5117    .bss                detect_task.o
    0x20004f4f   COMPRESSED   0x00000001   PAD
    0x20004f50        -       0x00000500   Zero   RW         5164    .bss                3508_drive.o
    0x20005450        -       0x00000050   Zero   RW         5220    .bss                position_control.o
    0x200054a0        -       0x00000028   Zero   RW         5410    .bss                jump.o
    0x200054c8        -       0x00000096   Zero   RW         5450    .bss                remote_control.o
    0x2000555e   COMPRESSED   0x00000002   PAD
    0x20005560        -       0x00000108   Zero   RW         5529    .bss                can.o
    0x20005668        -       0x000000a0   Zero   RW         5564    .bss                rc.o
    0x20005708        -       0x00000400   Zero   RW            1    STACK               startup_stm32f407xx.o


==============================================================================

Image component sizes


      Code (inc. data)   RO Data    RW Data    ZI Data      Debug   Object Name

       504         60         24          0       1280       2893   3508_drive.o
       240         28          0          0        264       1432   can.o
      1160        144          0         52        248       6338   can_receive.o
       198         28          0          4       1720      14646   cmsis_os2.o
       304         22          0          4        119       3142   detect_task.o
         0          0          0          0          0      19940   event_groups.o
         0          0          0          0          0       5436   freertos.o
       692         62          0         24      15360       4639   heap_4.o
       264         22          0         21          0       2256   hx711.o
       600         72          0          4         40       1868   jump.o
       148          0          0          0          0       3434   list.o
       796         58          0         12        224       7127   main.o
       626          8          0          0          0     709829   pid.o
      1014         92          0         12          0      11413   port.o
      4476        514          0        744         80      13796   position_control.o
      1914         20          0          0         64      16776   queue.o
        92         14          0          0        160       1066   rc.o
       484         32          0          8        150       4259   remote_control.o
       168         78          0         12          0       1214   start_task.o
        36          8        392          0       1024        812   startup_stm32f407xx.o
        96         20          0          9          0       3126   stm32f4xx_hal.o
      2136          6          0          0          0      13863   stm32f4xx_hal_can.o
       252         22          0          0          0      33542   stm32f4xx_hal_cortex.o
      1276         16          8          0          0       6022   stm32f4xx_hal_dma.o
       540         46          0          0          0       2895   stm32f4xx_hal_gpio.o
       924         78          0          4          0       3458   stm32f4xx_hal_msp.o
      1800         94          0          0          0       6001   stm32f4xx_hal_rcc.o
       822         46          0          0          0       6788   stm32f4xx_hal_tim.o
        88          0          0          0          0       2349   stm32f4xx_hal_tim_ex.o
       140         18          0          0         64       1379   stm32f4xx_hal_timebase_tim.o
      2060         26          0          0          0      11292   stm32f4xx_hal_uart.o
       116         36          0          0          0       5436   stm32f4xx_it.o
         0          0          0          0          0       8812   stream_buffer.o
       100         18         24          4          0       1083   system_stm32f4xx.o
      2996        378          0         60       1220      24724   tasks.o
      1238        124          0         20        280      26471   timers.o
       200         14          0          0          0       2781   user_lib.o

    ----------------------------------------------------------------------
     28542       2204        480       1000      22300     992338   Object Totals
         0          0         32          0          0          0   (incl. Generated)
        42          0          0          6          3          0   (incl. Padding)

    ----------------------------------------------------------------------

      Code (inc. data)   RO Data    RW Data    ZI Data      Debug   Library Member Name

         0          0       2052          0          0       4636   arm_common_tables.o
         0          0          0          0          0      16316   arm_cos_f32.o
       116         12          0          0          0        658   arm_sin_f32.o
       856        118         80          0          0        288   acos.o
       744        106        152          0          0        352   atan.o
       496         64          0          0          0        192   atan2.o
       200         20          0          0          0        164   cos.o
       368         46         48          0          0        200   cos_i.o
       184         44          0          0          0        744   dunder.o
        24          0          0          0          0        124   fabs.o
       260          6          0          0          0        144   fmod.o
        48          0          0          0          0        124   fpclassify.o
       248          0          0          0          0        152   poly.o
      3152        296        136          0          0        352   pow.o
         0          0          8          0          0          0   qnan.o
      1080        142        200          0          0        188   rred.o
       304         24         40          0          0        208   sin_i.o
       232          0          0          0          0        296   sqrt_full.o
        86          0          0          0          0          0   __dczerorl2.o
         0          0          0          0          0          0   entry.o
         0          0          0          0          0          0   entry10a.o
         0          0          0          0          0          0   entry11a.o
         8          4          0          0          0          0   entry2.o
         4          0          0          0          0          0   entry5.o
         0          0          0          0          0          0   entry7b.o
         0          0          0          0          0          0   entry8b.o
         8          4          0          0          0          0   entry9a.o
        12          6          0          4          0         68   errno.o
        30          0          0          0          0          0   handlers.o
        36          8          0          0          0         68   init.o
         0          0          0          0          0          0   iusefp.o
        30          0          0          0          0         68   llshl.o
        36          0          0          0          0         68   llsshr.o
        32          0          0          0          0         68   llushr.o
        36          0          0          0          0         68   memcpya.o
        36          0          0          0          0        108   memseta.o
        50          8          0          0          0        152   printfb.o
        98          0          0          0          0         92   uldiv.o
        48          0          0          0          0         68   cdcmple.o
        48          0          0          0          0         68   cdrcmple.o
        56          0          0          0          0         88   d2f.o
       334          0          0          0          0        148   dadd.o
       222          0          0          0          0        100   ddiv.o
       186          0          0          0          0        176   depilogue.o
        62          0          0          0          0         80   dfixi.o
        34          0          0          0          0         76   dflti.o
        26          0          0          0          0         76   dfltui.o
       228          0          0          0          0         96   dmul.o
       134          0          0          0          0         96   drem.o
        46          0          0          0          0         80   dscalb.o
       162          0          0          0          0        100   dsqrt.o
        38          0          0          0          0         68   f2d.o
       110          0          0          0          0        168   fepilogue.o

    ----------------------------------------------------------------------
     10566        912       2716          4          0      27386   Library Totals
        18          4          0          0          0          0   (incl. Padding)

    ----------------------------------------------------------------------

      Code (inc. data)   RO Data    RW Data    ZI Data      Debug   Library Name

       116         12       2052          0          0      21610   arm_cortexM4lf_math.lib
      8196        866        664          0          0       3528   m_wm.l
       502         30          0          4          0        760   mc_w.l
      1734          0          0          0          0       1488   mf_w.l

    ----------------------------------------------------------------------
     10566        912       2716          4          0      27386   Library Totals

    ----------------------------------------------------------------------

==============================================================================


      Code (inc. data)   RO Data    RW Data    ZI Data      Debug   

     39108       3116       3196       1004      22300     995564   Grand Totals
     39108       3116       3196        144      22300     995564   ELF Image Totals (compressed)
     39108       3116       3196        144          0          0   ROM Totals

==============================================================================

    Total RO  Size (Code + RO Data)                42304 (  41.31kB)
    Total RW  Size (RW Data + ZI Data)             23304 (  22.76kB)
    Total ROM Size (Code + RO Data + RW Data)      42448 (  41.45kB)

==============================================================================

